Archive member included to satisfy reference by file (symbol)

C:/ST/STM32CubeIDE_1.18.1/STM32CubeIDE/plugins/com.st.stm32cube.ide.mcu.externaltools.gnu-tools-for-stm32.13.3.rel1.win32_1.0.0.202411081344/tools/bin/../lib/gcc/arm-none-eabi/13.3.1/../../../../arm-none-eabi/lib/thumb/v7e-m+fp/hard\libc_nano.a(libc_a-exit.o)
                              C:/ST/STM32CubeIDE_1.18.1/STM32CubeIDE/plugins/com.st.stm32cube.ide.mcu.externaltools.gnu-tools-for-stm32.13.3.rel1.win32_1.0.0.202411081344/tools/bin/../lib/gcc/arm-none-eabi/13.3.1/../../../../arm-none-eabi/lib/thumb/v7e-m+fp/hard/crt0.o (exit)
C:/ST/STM32CubeIDE_1.18.1/STM32CubeIDE/plugins/com.st.stm32cube.ide.mcu.externaltools.gnu-tools-for-stm32.13.3.rel1.win32_1.0.0.202411081344/tools/bin/../lib/gcc/arm-none-eabi/13.3.1/../../../../arm-none-eabi/lib/thumb/v7e-m+fp/hard\libc_nano.a(libc_a-findfp.o)
                              C:/ST/STM32CubeIDE_1.18.1/STM32CubeIDE/plugins/com.st.stm32cube.ide.mcu.externaltools.gnu-tools-for-stm32.13.3.rel1.win32_1.0.0.202411081344/tools/bin/../lib/gcc/arm-none-eabi/13.3.1/../../../../arm-none-eabi/lib/thumb/v7e-m+fp/hard\libc_nano.a(libc_a-exit.o) (__stdio_exit_handler)
C:/ST/STM32CubeIDE_1.18.1/STM32CubeIDE/plugins/com.st.stm32cube.ide.mcu.externaltools.gnu-tools-for-stm32.13.3.rel1.win32_1.0.0.202411081344/tools/bin/../lib/gcc/arm-none-eabi/13.3.1/../../../../arm-none-eabi/lib/thumb/v7e-m+fp/hard\libc_nano.a(libc_a-fwalk.o)
                              C:/ST/STM32CubeIDE_1.18.1/STM32CubeIDE/plugins/com.st.stm32cube.ide.mcu.externaltools.gnu-tools-for-stm32.13.3.rel1.win32_1.0.0.202411081344/tools/bin/../lib/gcc/arm-none-eabi/13.3.1/../../../../arm-none-eabi/lib/thumb/v7e-m+fp/hard\libc_nano.a(libc_a-findfp.o) (_fwalk_sglue)
C:/ST/STM32CubeIDE_1.18.1/STM32CubeIDE/plugins/com.st.stm32cube.ide.mcu.externaltools.gnu-tools-for-stm32.13.3.rel1.win32_1.0.0.202411081344/tools/bin/../lib/gcc/arm-none-eabi/13.3.1/../../../../arm-none-eabi/lib/thumb/v7e-m+fp/hard\libc_nano.a(libc_a-stdio.o)
                              C:/ST/STM32CubeIDE_1.18.1/STM32CubeIDE/plugins/com.st.stm32cube.ide.mcu.externaltools.gnu-tools-for-stm32.13.3.rel1.win32_1.0.0.202411081344/tools/bin/../lib/gcc/arm-none-eabi/13.3.1/../../../../arm-none-eabi/lib/thumb/v7e-m+fp/hard\libc_nano.a(libc_a-findfp.o) (__sread)
C:/ST/STM32CubeIDE_1.18.1/STM32CubeIDE/plugins/com.st.stm32cube.ide.mcu.externaltools.gnu-tools-for-stm32.13.3.rel1.win32_1.0.0.202411081344/tools/bin/../lib/gcc/arm-none-eabi/13.3.1/../../../../arm-none-eabi/lib/thumb/v7e-m+fp/hard\libc_nano.a(libc_a-memset.o)
                              C:/ST/STM32CubeIDE_1.18.1/STM32CubeIDE/plugins/com.st.stm32cube.ide.mcu.externaltools.gnu-tools-for-stm32.13.3.rel1.win32_1.0.0.202411081344/tools/bin/../lib/gcc/arm-none-eabi/13.3.1/../../../../arm-none-eabi/lib/thumb/v7e-m+fp/hard/crt0.o (memset)
C:/ST/STM32CubeIDE_1.18.1/STM32CubeIDE/plugins/com.st.stm32cube.ide.mcu.externaltools.gnu-tools-for-stm32.13.3.rel1.win32_1.0.0.202411081344/tools/bin/../lib/gcc/arm-none-eabi/13.3.1/../../../../arm-none-eabi/lib/thumb/v7e-m+fp/hard\libc_nano.a(libc_a-closer.o)
                              C:/ST/STM32CubeIDE_1.18.1/STM32CubeIDE/plugins/com.st.stm32cube.ide.mcu.externaltools.gnu-tools-for-stm32.13.3.rel1.win32_1.0.0.202411081344/tools/bin/../lib/gcc/arm-none-eabi/13.3.1/../../../../arm-none-eabi/lib/thumb/v7e-m+fp/hard\libc_nano.a(libc_a-stdio.o) (_close_r)
C:/ST/STM32CubeIDE_1.18.1/STM32CubeIDE/plugins/com.st.stm32cube.ide.mcu.externaltools.gnu-tools-for-stm32.13.3.rel1.win32_1.0.0.202411081344/tools/bin/../lib/gcc/arm-none-eabi/13.3.1/../../../../arm-none-eabi/lib/thumb/v7e-m+fp/hard\libc_nano.a(libc_a-reent.o)
                              C:/ST/STM32CubeIDE_1.18.1/STM32CubeIDE/plugins/com.st.stm32cube.ide.mcu.externaltools.gnu-tools-for-stm32.13.3.rel1.win32_1.0.0.202411081344/tools/bin/../lib/gcc/arm-none-eabi/13.3.1/../../../../arm-none-eabi/lib/thumb/v7e-m+fp/hard\libc_nano.a(libc_a-closer.o) (errno)
C:/ST/STM32CubeIDE_1.18.1/STM32CubeIDE/plugins/com.st.stm32cube.ide.mcu.externaltools.gnu-tools-for-stm32.13.3.rel1.win32_1.0.0.202411081344/tools/bin/../lib/gcc/arm-none-eabi/13.3.1/../../../../arm-none-eabi/lib/thumb/v7e-m+fp/hard\libc_nano.a(libc_a-impure.o)
                              C:/ST/STM32CubeIDE_1.18.1/STM32CubeIDE/plugins/com.st.stm32cube.ide.mcu.externaltools.gnu-tools-for-stm32.13.3.rel1.win32_1.0.0.202411081344/tools/bin/../lib/gcc/arm-none-eabi/13.3.1/../../../../arm-none-eabi/lib/thumb/v7e-m+fp/hard\libc_nano.a(libc_a-reent.o) (_impure_ptr)
C:/ST/STM32CubeIDE_1.18.1/STM32CubeIDE/plugins/com.st.stm32cube.ide.mcu.externaltools.gnu-tools-for-stm32.13.3.rel1.win32_1.0.0.202411081344/tools/bin/../lib/gcc/arm-none-eabi/13.3.1/../../../../arm-none-eabi/lib/thumb/v7e-m+fp/hard\libc_nano.a(libc_a-lseekr.o)
[...]
Memory Configuration

Name             Origin             Length             Attributes
RAM              0x20000000         0x00018000         xrw
RAM2             0x10000000         0x00008000         xrw
FLASH            0x08000000         0x00100000         xr
*default*        0x00000000         0xffffffff

Linker script and memory map

LOAD C:/ST/STM32CubeIDE_1.18.1/STM32CubeIDE/plugins/com.st.stm32cube.ide.mcu.externaltools.gnu-tools-for-stm32.13.3.rel1.win32_1.0.0.202411081344/tools/bin/../lib/gcc/arm-none-eabi/13.3.1/thumb/v7e-m+fp/hard/crti.o
LOAD C:/ST/STM32CubeIDE_1.18.1/STM32CubeIDE/plugins/com.st.stm32cube.ide.mcu.externaltools.gnu-tools-for-stm32.13.3.rel1.win32_1.0.0.202411081344/tools/bin/../lib/gcc/arm-none-eabi/13.3.1/thumb/v7e-m+fp/hard/crtbegin.o
LOAD C:/ST/STM32CubeIDE_1.18.1/STM32CubeIDE/plugins/com.st.stm32cube.ide.mcu.externaltools.gnu-tools-for-stm32.13.3.rel1.win32_1.0.0.202411081344/tools/bin/../lib/gcc/arm-none-eabi/13.3.1/../../../../arm-none-eabi/lib/thumb/v7e-m+fp/hard/crt0.o
LOAD ./Core/Src/freertos.o
LOAD ./Core/Src/hd44780.o
LOAD ./Core/Src/main.o
LOAD ./Core/Src/stm32l4xx_hal_msp.o
LOAD ./Core/Src/stm32l4xx_it.o
LOAD ./Core/Src/syscalls.o
LOAD ./Core/Src/sysmem.o
LOAD ./Core/Src/system_stm32l4xx.o
LOAD ./Core/Startup/startup_stm32l475vgtx.o
LOAD ./Drivers/STM32L4xx_HAL_Driver/Src/stm32l4xx_hal.o
LOAD ./Drivers/STM32L4xx_HAL_Driver/Src/stm32l4xx_hal_cortex.o
LOAD ./Drivers/STM32L4xx_HAL_Driver/Src/stm32l4xx_hal_dfsdm.o
LOAD ./Drivers/STM32L4xx_HAL_Driver/Src/stm32l4xx_hal_dma.o
LOAD ./Drivers/STM32L4xx_HAL_Driver/Src/stm32l4xx_hal_dma_ex.o
LOAD ./Drivers/STM32L4xx_HAL_Driver/Src/stm32l4xx_hal_exti.o
LOAD ./Drivers/STM32L4xx_HAL_Driver/Src/stm32l4xx_hal_flash.o
LOAD ./Drivers/STM32L4xx_HAL_Driver/Src/stm32l4xx_hal_flash_ex.o
LOAD ./Drivers/STM32L4xx_HAL_Driver/Src/stm32l4xx_hal_flash_ramfunc.o
LOAD ./Drivers/STM32L4xx_HAL_Driver/Src/stm32l4xx_hal_gpio.o
LOAD ./Drivers/STM32L4xx_HAL_Driver/Src/stm32l4xx_hal_i2c.o
LOAD ./Drivers/STM32L4xx_HAL_Driver/Src/stm32l4xx_hal_i2c_ex.o
LOAD ./Drivers/STM32L4xx_HAL_Driver/Src/stm32l4xx_hal_pcd.o
LOAD ./Drivers/STM32L4xx_HAL_Driver/Src/stm32l4xx_hal_pcd_ex.o
LOAD ./Drivers/STM32L4xx_HAL_Driver/Src/stm32l4xx_hal_pwr.o
LOAD ./Drivers/STM32L4xx_HAL_Driver/Src/stm32l4xx_hal_pwr_ex.o
LOAD ./Drivers/STM32L4xx_HAL_Driver/Src/stm32l4xx_hal_qspi.o
LOAD ./Drivers/STM32L4xx_HAL_Driver/Src/stm32l4xx_hal_rcc.o
LOAD ./Drivers/STM32L4xx_HAL_Driver/Src/stm32l4xx_hal_rcc_ex.o
LOAD ./Drivers/STM32L4xx_HAL_Driver/Src/stm32l4xx_hal_spi.o
LOAD ./Drivers/STM32L4xx_HAL_Driver/Src/stm32l4xx_hal_spi_ex.o
LOAD ./Drivers/STM32L4xx_HAL_Driver/Src/stm32l4xx_hal_uart.o
LOAD ./Drivers/STM32L4xx_HAL_Driver/Src/stm32l4xx_hal_uart_ex.o
LOAD ./Drivers/STM32L4xx_HAL_Driver/Src/stm32l4xx_ll_usb.o
LOAD ./Middlewares/Third_Party/FreeRTOS/Source/CMSIS_RTOS_V2/cmsis_os2.o
LOAD ./Middlewares/Third_Party/FreeRTOS/Source/croutine.o
LOAD ./Middlewares/Third_Party/FreeRTOS/Source/event_groups.o
LOAD ./Middlewares/Third_Party/FreeRTOS/Source/list.o
LOAD ./Middlewares/Third_Party/FreeRTOS/Source/queue.o
LOAD ./Middlewares/Third_Party/FreeRTOS/Source/stream_buffer.o
LOAD ./Middlewares/Third_Party/FreeRTOS/Source/tasks.o
LOAD ./Middlewares/Third_Party/FreeRTOS/Source/timers.o
LOAD ./Middlewares/Third_Party/FreeRTOS/Source/portable/GCC/ARM_CM4F/port.o
LOAD ./Middlewares/Third_Party/FreeRTOS/Source/portable/MemMang/heap_4.o
START GROUP
LOAD C:/ST/STM32CubeIDE_1.18.1/STM32CubeIDE/plugins/com.st.stm32cube.ide.mcu.externaltools.gnu-tools-for-stm32.13.3.rel1.win32_1.0.0.202411081344/tools/bin/../lib/gcc/arm-none-eabi/13.3.1/../../../../arm-none-eabi/lib/thumb/v7e-m+fp/hard\libc_nano.a
LOAD C:/ST/STM32CubeIDE_1.18.1/STM32CubeIDE/plugins/com.st.stm32cube.ide.mcu.externaltools.gnu-tools-for-stm32.13.3.rel1.win32_1.0.0.202411081344/tools/bin/../lib/gcc/arm-none-eabi/13.3.1/../../../../arm-none-eabi/lib/thumb/v7e-m+fp/hard\libm.a
END GROUP
START GROUP
LOAD C:/ST/STM32CubeIDE_1.18.1/STM32CubeIDE/plugins/com.st.stm32cube.ide.mcu.externaltools.gnu-tools-for-stm32.13.3.rel1.win32_1.0.0.202411081344/tools/bin/../lib/gcc/arm-none-eabi/13.3.1/thumb/v7e-m+fp/hard\libgcc.a
LOAD C:/ST/STM32CubeIDE_1.18.1/STM32CubeIDE/plugins/com.st.stm32cube.ide.mcu.externaltools.gnu-tools-for-stm32.13.3.rel1.win32_1.0.0.202411081344/tools/bin/../lib/gcc/arm-none-eabi/13.3.1/../../../../arm-none-eabi/lib/thumb/v7e-m+fp/hard\libc_nano.a
END GROUP
START GROUP
LOAD C:/ST/STM32CubeIDE_1.18.1/STM32CubeIDE/plugins/com.st.stm32cube.ide.mcu.externaltools.gnu-tools-for-stm32.13.3.rel1.win32_1.0.0.202411081344/tools/bin/../lib/gcc/arm-none-eabi/13.3.1/thumb/v7e-m+fp/hard\libgcc.a
LOAD C:/ST/STM32CubeIDE_1.18.1/STM32CubeIDE/plugins/com.st.stm32cube.ide.mcu.externaltools.gnu-tools-for-stm32.13.3.rel1.win32_1.0.0.202411081344/tools/bin/../lib/gcc/arm-none-eabi/13.3.1/../../../../arm-none-eabi/lib/thumb/v7e-m+fp/hard\libc_nano.a
LOAD C:/ST/STM32CubeIDE_1.18.1/STM32CubeIDE/plugins/com.st.stm32cube.ide.mcu.externaltools.gnu-tools-for-stm32.13.3.rel1.win32_1.0.0.202411081344/tools/bin/../lib/gcc/arm-none-eabi/13.3.1/../../../../arm-none-eabi/lib/thumb/v7e-m+fp/hard\libnosys.a
END GROUP
START GROUP
LOAD C:/ST/STM32CubeIDE_1.18.1/STM32CubeIDE/plugins/com.st.stm32cube.ide.mcu.externaltools.gnu-tools-for-stm32.13.3.rel1.win32_1.0.0.202411081344/tools/bin/../lib/gcc/arm-none-eabi/13.3.1/thumb/v7e-m+fp/hard\libgcc.a
LOAD C:/ST/STM32CubeIDE_1.18.1/STM32CubeIDE/plugins/com.st.stm32cube.ide.mcu.externaltools.gnu-tools-for-stm32.13.3.rel1.win32_1.0.0.202411081344/tools/bin/../lib/gcc/arm-none-eabi/13.3.1/../../../../arm-none-eabi/lib/thumb/v7e-m+fp/hard\libc_nano.a
LOAD C:/ST/STM32CubeIDE_1.18.1/STM32CubeIDE/plugins/com.st.stm32cube.ide.mcu.externaltools.gnu-tools-for-stm32.13.3.rel1.win32_1.0.0.202411081344/tools/bin/../lib/gcc/arm-none-eabi/13.3.1/../../../../arm-none-eabi/lib/thumb/v7e-m+fp/hard\libnosys.a
END GROUP
LOAD C:/ST/STM32CubeIDE_1.18.1/STM32CubeIDE/plugins/com.st.stm32cube.ide.mcu.externaltools.gnu-tools-for-stm32.13.3.rel1.win32_1.0.0.202411081344/tools/bin/../lib/gcc/arm-none-eabi/13.3.1/thumb/v7e-m+fp/hard/crtend.o
LOAD C:/ST/STM32CubeIDE_1.18.1/STM32CubeIDE/plugins/com.st.stm32cube.ide.mcu.externaltools.gnu-tools-for-stm32.13.3.rel1.win32_1.0.0.202411081344/tools/bin/../lib/gcc/arm-none-eabi/13.3.1/thumb/v7e-m+fp/hard/crtn.o
                0x20018000                        _estack = (ORIGIN (RAM) + LENGTH (RAM))
                0x00000200                        _Min_Heap_Size = 0x200
                0x00000400                        _Min_Stack_Size = 0x400

.isr_vector     0x08000000      0x188
                0x08000000                        . = ALIGN (0x4)
 *(.isr_vector)
 .isr_vector    0x08000000      0x188 ./Core/Startup/startup_stm32l475vgtx.o
                0x08000000                g_pfnVectors
                0x08000188                        . = ALIGN (0x4)

.text           0x08000190     0x86d4
                0x08000190                        . = ALIGN (0x4)
 *(.text)
 .text          0x08000190       0x40 C:/ST/STM32CubeIDE_1.18.1/STM32CubeIDE/plugins/com.st.stm32cube.ide.mcu.externaltools.gnu-tools-for-stm32.13.3.rel1.win32_1.0.0.202411081344/tools/bin/../lib/gcc/arm-none-eabi/13.3.1/thumb/v7e-m+fp/hard/crtbegin.o
 .text          0x080001d0       0x30 C:/ST/STM32CubeIDE_1.18.1/STM32CubeIDE/plugins/com.st.stm32cube.ide.mcu.externaltools.gnu-tools-for-stm32.13.3.rel1.win32_1.0.0.202411081344/tools/bin/../lib/gcc/arm-none-eabi/13.3.1/thumb/v7e-m+fp/hard\libgcc.a(_aeabi_uldivmod.o)
                0x080001d0                __aeabi_uldivmod
 .text          0x08000200      0x2f8 C:/ST/STM32CubeIDE_1.18.1/STM32CubeIDE/plugins/com.st.stm32cube.ide.mcu.externaltools.gnu-tools-for-stm32.13.3.rel1.win32_1.0.0.202411081344/tools/bin/../lib/gcc/arm-none-eabi/13.3.1/thumb/v7e-m+fp/hard\libgcc.a(_udivmoddi4.o)
                0x08000200                __udivmoddi4
 .text          0x080004f8        0x4 C:/ST/STM32CubeIDE_1.18.1/STM32CubeIDE/plugins/com.st.stm32cube.ide.mcu.externaltools.gnu-tools-for-stm32.13.3.rel1.win32_1.0.0.202411081344/tools/bin/../lib/gcc/arm-none-eabi/13.3.1/thumb/v7e-m+fp/hard\libgcc.a(_dvmd_tls.o)
                0x080004f8                __aeabi_idiv0
                0x080004f8                __aeabi_ldiv0
 *(.text*)
 .text.lcd_clock
                0x080004fc       0x30 ./Core/Src/hd44780.o
                0x080004fc                lcd_clock
 .text.lcd_reset
                0x0800052c       0x90 ./Core/Src/hd44780.o
                0x0800052c                lcd_reset
 .text.lcd_write
                0x080005bc      0x16c ./Core/Src/hd44780.o
                0x080005bc                lcd_write
 .text.lcd_clear
                0x08000728       0x24 ./Core/Src/hd44780.o
                0x08000728                lcd_clear
 .text.lcd_display_settings
                0x0800074c       0x46 ./Core/Src/hd44780.o
                0x0800074c                lcd_display_settings
 .text.lcd_display_address
                0x08000792       0x22 ./Core/Src/hd44780.o
                0x08000792                lcd_display_address
 .text.lcd_print
                0x080007b4       0xe4 ./Core/Src/hd44780.o
                0x080007b4                lcd_print
 .text.writeIntegerToLCD
                0x08000898       0xe4 ./Core/Src/hd44780.o
                0x08000898                writeIntegerToLCD
 .text.moveToXY
                0x0800097c       0xfc ./Core/Src/hd44780.o
                0x0800097c                moveToXY
 .text.main     0x08000a78       0xdc ./Core/Src/main.o
                0x08000a78                main
 .text.SystemClock_Config
                0x08000b54       0xc4 ./Core/Src/main.o
                0x08000b54                SystemClock_Config
 .text.MX_DFSDM1_Init
                0x08000c18       0x70 ./Core/Src/main.o
 .text.MX_I2C2_Init
                0x08000c88       0x7c ./Core/Src/main.o
 .text.MX_QUADSPI_Init
                0x08000d04       0x4c ./Core/Src/main.o
 .text.MX_SPI3_Init
                0x08000d50       0x7c ./Core/Src/main.o
 .text.MX_USART1_UART_Init
                0x08000dcc       0x60 ./Core/Src/main.o
 .text.MX_USART3_UART_Init
                0x08000e2c       0x60 ./Core/Src/main.o
 .text.MX_USB_OTG_FS_PCD_Init
                0x08000e8c       0x5c ./Core/Src/main.o
 .text.MX_GPIO_Init
                0x08000ee8      0x308 ./Core/Src/main.o
 .text.StartDefaultTask
                0x080011f0        0xc ./Core/Src/main.o
                0x080011f0                StartDefaultTask
 .text.Start_led_verde
                0x080011fc       0x38 ./Core/Src/main.o
                0x080011fc                Start_led_verde
 .text.Start_led_amarillo
                0x08001234       0x34 ./Core/Src/main.o
                0x08001234                Start_led_amarillo
 .text.Start_lcd_A
                0x08001268       0x74 ./Core/Src/main.o
                0x08001268                Start_lcd_A
 .text.Start_lcd_B
                0x080012dc       0x74 ./Core/Src/main.o
                0x080012dc                Start_lcd_B
 .text.Error_Handler
                0x08001350        0xc ./Core/Src/main.o
                0x08001350                Error_Handler
 .text.HAL_MspInit
                0x0800135c       0x50 ./Core/Src/stm32l4xx_hal_msp.o
                0x0800135c                HAL_MspInit
 .text.HAL_DFSDM_ChannelMspInit
                0x080013ac       0xc8 ./Core/Src/stm32l4xx_hal_msp.o
                0x080013ac                HAL_DFSDM_ChannelMspInit
 .text.HAL_I2C_MspInit
                0x08001474       0xbc ./Core/Src/stm32l4xx_hal_msp.o
                0x08001474                HAL_I2C_MspInit
 .text.HAL_QSPI_MspInit
                0x08001530       0x88 ./Core/Src/stm32l4xx_hal_msp.o
                0x08001530                HAL_QSPI_MspInit
 .text.HAL_SPI_MspInit
                0x080015b8       0x88 ./Core/Src/stm32l4xx_hal_msp.o
                0x080015b8                HAL_SPI_MspInit
 .text.HAL_UART_MspInit
                0x08001640      0x148 ./Core/Src/stm32l4xx_hal_msp.o
                0x08001640                HAL_UART_MspInit
 .text.HAL_PCD_MspInit
                0x08001788      0x138 ./Core/Src/stm32l4xx_hal_msp.o
                0x08001788                HAL_PCD_MspInit
 .text.NMI_Handler
                0x080018c0        0x8 ./Core/Src/stm32l4xx_it.o
                0x080018c0                NMI_Handler
 .text.HardFault_Handler
                0x080018c8        0x8 ./Core/Src/stm32l4xx_it.o
                0x080018c8                HardFault_Handler
 .text.MemManage_Handler
                0x080018d0        0x8 ./Core/Src/stm32l4xx_it.o
                0x080018d0                MemManage_Handler
 .text.BusFault_Handler
                0x080018d8        0x8 ./Core/Src/stm32l4xx_it.o
                0x080018d8                BusFault_Handler
 .text.UsageFault_Handler
                0x080018e0        0x8 ./Core/Src/stm32l4xx_it.o
                0x080018e0                UsageFault_Handler
 .text.DebugMon_Handler
                0x080018e8        0xe ./Core/Src/stm32l4xx_it.o
                0x080018e8                DebugMon_Handler
 .text.SysTick_Handler
                0x080018f6       0x1a ./Core/Src/stm32l4xx_it.o
                0x080018f6                SysTick_Handler
 .text.EXTI9_5_IRQHandler
                0x08001910       0x22 ./Core/Src/stm32l4xx_it.o
                0x08001910                EXTI9_5_IRQHandler
 .text.EXTI15_10_IRQHandler
                0x08001932       0x30 ./Core/Src/stm32l4xx_it.o
                0x08001932                EXTI15_10_IRQHandler
 *fill*         0x08001962        0x2 
 .text.SystemInit
                0x08001964       0x24 ./Core/Src/system_stm32l4xx.o
                0x08001964                SystemInit
 .text.Reset_Handler
                0x08001988       0x50 ./Core/Startup/startup_stm32l475vgtx.o
                0x08001988                Reset_Handler
 .text.Default_Handler
                0x080019d8        0x2 ./Core/Startup/startup_stm32l475vgtx.o
                0x080019d8                RTC_Alarm_IRQHandler
                0x080019d8                EXTI2_IRQHandler
                0x080019d8                TIM8_TRG_COM_IRQHandler
                0x080019d8                TIM8_CC_IRQHandler
                0x080019d8                TIM1_CC_IRQHandler
                0x080019d8                TSC_IRQHandler
                0x080019d8                TAMP_STAMP_IRQHandler
                0x080019d8                EXTI3_IRQHandler
                0x080019d8                LPTIM2_IRQHandler
                0x080019d8                DFSDM1_FLT1_IRQHandler
                0x080019d8                I2C3_ER_IRQHandler
                0x080019d8                DFSDM1_FLT2_IRQHandler
                0x080019d8                EXTI0_IRQHandler
                0x080019d8                I2C2_EV_IRQHandler
                0x080019d8                CAN1_RX0_IRQHandler
                0x080019d8                FPU_IRQHandler
                0x080019d8                TIM1_UP_TIM16_IRQHandler
                0x080019d8                ADC1_2_IRQHandler
                0x080019d8                SPI1_IRQHandler
                0x080019d8                TIM6_DAC_IRQHandler
                0x080019d8                TIM8_UP_IRQHandler
                0x080019d8                DMA2_Channel2_IRQHandler
                0x080019d8                DMA1_Channel4_IRQHandler
                0x080019d8                SAI2_IRQHandler
                0x080019d8                DFSDM1_FLT3_IRQHandler
                0x080019d8                USART3_IRQHandler
                0x080019d8                DMA1_Channel7_IRQHandler
                0x080019d8                CAN1_RX1_IRQHandler
                0x080019d8                UART5_IRQHandler
                0x080019d8                ADC3_IRQHandler
                0x080019d8                TIM4_IRQHandler
                0x080019d8                DMA2_Channel1_IRQHandler
                0x080019d8                QUADSPI_IRQHandler
                0x080019d8                I2C1_EV_IRQHandler
                0x080019d8                DMA1_Channel6_IRQHandler
                0x080019d8                UART4_IRQHandler
                0x080019d8                DMA2_Channel4_IRQHandler
                0x080019d8                TIM3_IRQHandler
                0x080019d8                RCC_IRQHandler
                0x080019d8                DMA1_Channel1_IRQHandler
                0x080019d8                Default_Handler
                0x080019d8                DMA2_Channel7_IRQHandler
                0x080019d8                TIM7_IRQHandler
                0x080019d8                SDMMC1_IRQHandler
                0x080019d8                TIM5_IRQHandler
                0x080019d8                I2C3_EV_IRQHandler
                0x080019d8                RTC_WKUP_IRQHandler
                0x080019d8                PVD_PVM_IRQHandler
                0x080019d8                SPI2_IRQHandler
                0x080019d8                CAN1_TX_IRQHandler
                0x080019d8                DMA2_Channel5_IRQHandler
                0x080019d8                DMA1_Channel5_IRQHandler
                0x080019d8                EXTI4_IRQHandler
                0x080019d8                RNG_IRQHandler
                0x080019d8                TIM1_TRG_COM_TIM17_IRQHandler
                0x080019d8                DMA1_Channel3_IRQHandler
                0x080019d8                COMP_IRQHandler
                0x080019d8                WWDG_IRQHandler
                0x080019d8                LPUART1_IRQHandler
                0x080019d8                DMA2_Channel6_IRQHandler
                0x080019d8                TIM2_IRQHandler
                0x080019d8                EXTI1_IRQHandler
                0x080019d8                USART2_IRQHandler
                0x080019d8                DFSDM1_FLT0_IRQHandler
                0x080019d8                I2C2_ER_IRQHandler
                0x080019d8                DMA1_Channel2_IRQHandler
                0x080019d8                TIM8_BRK_IRQHandler
                0x080019d8                CAN1_SCE_IRQHandler
                0x080019d8                FLASH_IRQHandler
                0x080019d8                USART1_IRQHandler
                0x080019d8                OTG_FS_IRQHandler
                0x080019d8                SPI3_IRQHandler
                0x080019d8                I2C1_ER_IRQHandler
                0x080019d8                FMC_IRQHandler
                0x080019d8                SWPMI1_IRQHandler
                0x080019d8                LPTIM1_IRQHandler
                0x080019d8                SAI1_IRQHandler
                0x080019d8                DMA2_Channel3_IRQHandler
                0x080019d8                TIM1_BRK_TIM15_IRQHandler
 .text.HAL_Init
                0x080019da       0x30 ./Drivers/STM32L4xx_HAL_Driver/Src/stm32l4xx_hal.o
                0x080019da                HAL_Init
 *fill*         0x08001a0a        0x2 
 .text.HAL_InitTick
                0x08001a0c       0x78 ./Drivers/STM32L4xx_HAL_Driver/Src/stm32l4xx_hal.o
                0x08001a0c                HAL_InitTick
 .text.HAL_IncTick
                0x08001a84       0x28 ./Drivers/STM32L4xx_HAL_Driver/Src/stm32l4xx_hal.o
                0x08001a84                HAL_IncTick
 .text.HAL_GetTick
                0x08001aac       0x18 ./Drivers/STM32L4xx_HAL_Driver/Src/stm32l4xx_hal.o
                0x08001aac                HAL_GetTick
 .text.HAL_Delay
                0x08001ac4       0x48 ./Drivers/STM32L4xx_HAL_Driver/Src/stm32l4xx_hal.o
                0x08001ac4                HAL_Delay
 .text.__NVIC_SetPriorityGrouping
                0x08001b0c       0x48 ./Drivers/STM32L4xx_HAL_Driver/Src/stm32l4xx_hal_cortex.o
 .text.__NVIC_GetPriorityGrouping
                0x08001b54       0x1c ./Drivers/STM32L4xx_HAL_Driver/Src/stm32l4xx_hal_cortex.o
 .text.__NVIC_EnableIRQ
                0x08001b70       0x3c ./Drivers/STM32L4xx_HAL_Driver/Src/stm32l4xx_hal_cortex.o
 .text.__NVIC_SetPriority
                0x08001bac       0x54 ./Drivers/STM32L4xx_HAL_Driver/Src/stm32l4xx_hal_cortex.o
 .text.NVIC_EncodePriority
                0x08001c00       0x66 ./Drivers/STM32L4xx_HAL_Driver/Src/stm32l4xx_hal_cortex.o
 *fill*         0x08001c66        0x2 
 .text.SysTick_Config
                0x08001c68       0x44 ./Drivers/STM32L4xx_HAL_Driver/Src/stm32l4xx_hal_cortex.o
 .text.HAL_NVIC_SetPriorityGrouping
                0x08001cac       0x16 ./Drivers/STM32L4xx_HAL_Driver/Src/stm32l4xx_hal_cortex.o
                0x08001cac                HAL_NVIC_SetPriorityGrouping
 .text.HAL_NVIC_SetPriority
                0x08001cc2       0x38 ./Drivers/STM32L4xx_HAL_Driver/Src/stm32l4xx_hal_cortex.o
                0x08001cc2                HAL_NVIC_SetPriority
 .text.HAL_NVIC_EnableIRQ
                0x08001cfa       0x1c ./Drivers/STM32L4xx_HAL_Driver/Src/stm32l4xx_hal_cortex.o
                0x08001cfa                HAL_NVIC_EnableIRQ
 .text.HAL_SYSTICK_Config
                0x08001d16       0x18 ./Drivers/STM32L4xx_HAL_Driver/Src/stm32l4xx_hal_cortex.o
                0x08001d16                HAL_SYSTICK_Config
 *fill*         0x08001d2e        0x2 
 .text.HAL_DFSDM_ChannelInit
                0x08001d30      0x180 ./Drivers/STM32L4xx_HAL_Driver/Src/stm32l4xx_hal_dfsdm.o
                0x08001d30                HAL_DFSDM_ChannelInit
 .text.DFSDM_GetChannelFromInstance
                0x08001eb0       0x98 ./Drivers/STM32L4xx_HAL_Driver/Src/stm32l4xx_hal_dfsdm.o
 .text.HAL_GPIO_Init
                0x08001f48      0x354 ./Drivers/STM32L4xx_HAL_Driver/Src/stm32l4xx_hal_gpio.o
                0x08001f48                HAL_GPIO_Init
 .text.HAL_GPIO_WritePin
                0x0800229c       0x30 ./Drivers/STM32L4xx_HAL_Driver/Src/stm32l4xx_hal_gpio.o
                0x0800229c                HAL_GPIO_WritePin
 .text.HAL_GPIO_EXTI_IRQHandler
                0x080022cc       0x30 ./Drivers/STM32L4xx_HAL_Driver/Src/stm32l4xx_hal_gpio.o
                0x080022cc                HAL_GPIO_EXTI_IRQHandler
 .text.HAL_GPIO_EXTI_Callback
                0x080022fc       0x16 ./Drivers/STM32L4xx_HAL_Driver/Src/stm32l4xx_hal_gpio.o
                0x080022fc                HAL_GPIO_EXTI_Callback
 .text.HAL_I2C_Init
                0x08002312      0x136 ./Drivers/STM32L4xx_HAL_Driver/Src/stm32l4xx_hal_i2c.o
                0x08002312                HAL_I2C_Init
 .text.HAL_I2CEx_ConfigAnalogFilter
                0x08002448       0x96 ./Drivers/STM32L4xx_HAL_Driver/Src/stm32l4xx_hal_i2c_ex.o
                0x08002448                HAL_I2CEx_ConfigAnalogFilter
 .text.HAL_I2CEx_ConfigDigitalFilter
                0x080024de       0x98 ./Drivers/STM32L4xx_HAL_Driver/Src/stm32l4xx_hal_i2c_ex.o
                0x080024de                HAL_I2CEx_ConfigDigitalFilter
 .text.HAL_PCD_Init
                0x08002576      0x21e ./Drivers/STM32L4xx_HAL_Driver/Src/stm32l4xx_hal_pcd.o
                0x08002576                HAL_PCD_Init
 .text.HAL_PCDEx_ActivateLPM
                0x08002794       0x48 ./Drivers/STM32L4xx_HAL_Driver/Src/stm32l4xx_hal_pcd_ex.o
                0x08002794                HAL_PCDEx_ActivateLPM
 .text.HAL_PWR_EnableBkUpAccess
                0x080027dc       0x20 ./Drivers/STM32L4xx_HAL_Driver/Src/stm32l4xx_hal_pwr.o
                0x080027dc                HAL_PWR_EnableBkUpAccess
 .text.HAL_PWREx_GetVoltageRange
                0x080027fc       0x1c ./Drivers/STM32L4xx_HAL_Driver/Src/stm32l4xx_hal_pwr_ex.o
                0x080027fc                HAL_PWREx_GetVoltageRange
 .text.HAL_PWREx_ControlVoltageScaling
                0x08002818       0xac ./Drivers/STM32L4xx_HAL_Driver/Src/stm32l4xx_hal_pwr_ex.o
                0x08002818                HAL_PWREx_ControlVoltageScaling
 .text.HAL_PWREx_EnableVddUSB
                0x080028c4       0x20 ./Drivers/STM32L4xx_HAL_Driver/Src/stm32l4xx_hal_pwr_ex.o
                0x080028c4                HAL_PWREx_EnableVddUSB
 .text.HAL_QSPI_Init
                0x080028e4       0xec ./Drivers/STM32L4xx_HAL_Driver/Src/stm32l4xx_hal_qspi.o
                0x080028e4                HAL_QSPI_Init
 .text.HAL_QSPI_SetTimeout
                0x080029d0       0x1c ./Drivers/STM32L4xx_HAL_Driver/Src/stm32l4xx_hal_qspi.o
                0x080029d0                HAL_QSPI_SetTimeout
 .text.QSPI_WaitFlagStateUntilTimeout
                0x080029ec       0x6e ./Drivers/STM32L4xx_HAL_Driver/Src/stm32l4xx_hal_qspi.o
 *fill*         0x08002a5a        0x2 
 .text.HAL_RCC_OscConfig
                0x08002a5c      0x7b8 ./Drivers/STM32L4xx_HAL_Driver/Src/stm32l4xx_hal_rcc.o
                0x08002a5c                HAL_RCC_OscConfig
 .text.HAL_RCC_ClockConfig
                0x08003214      0x200 ./Drivers/STM32L4xx_HAL_Driver/Src/stm32l4xx_hal_rcc.o
                0x08003214                HAL_RCC_ClockConfig
 .text.HAL_RCC_GetSysClockFreq
                0x08003414      0x118 ./Drivers/STM32L4xx_HAL_Driver/Src/stm32l4xx_hal_rcc.o
                0x08003414                HAL_RCC_GetSysClockFreq
 .text.HAL_RCC_GetHCLKFreq
                0x0800352c       0x18 ./Drivers/STM32L4xx_HAL_Driver/Src/stm32l4xx_hal_rcc.o
                0x0800352c                HAL_RCC_GetHCLKFreq
 .text.HAL_RCC_GetPCLK1Freq
                0x08003544       0x2c ./Drivers/STM32L4xx_HAL_Driver/Src/stm32l4xx_hal_rcc.o
                0x08003544                HAL_RCC_GetPCLK1Freq
 .text.HAL_RCC_GetPCLK2Freq
                0x08003570       0x2c ./Drivers/STM32L4xx_HAL_Driver/Src/stm32l4xx_hal_rcc.o
                0x08003570                HAL_RCC_GetPCLK2Freq
 .text.RCC_SetFlashLatencyFromMSIRange
                0x0800359c       0xc0 ./Drivers/STM32L4xx_HAL_Driver/Src/stm32l4xx_hal_rcc.o
 .text.HAL_RCCEx_PeriphCLKConfig
                0x0800365c      0x5d4 ./Drivers/STM32L4xx_HAL_Driver/Src/stm32l4xx_hal_rcc_ex.o
                0x0800365c                HAL_RCCEx_PeriphCLKConfig
 .text.HAL_RCCEx_EnableMSIPLLMode
                0x08003c30       0x20 ./Drivers/STM32L4xx_HAL_Driver/Src/stm32l4xx_hal_rcc_ex.o
                0x08003c30                HAL_RCCEx_EnableMSIPLLMode
 .text.RCCEx_PLLSAI1_Config
                0x08003c50      0x1e8 ./Drivers/STM32L4xx_HAL_Driver/Src/stm32l4xx_hal_rcc_ex.o
 .text.RCCEx_PLLSAI2_Config
                0x08003e38      0x1bc ./Drivers/STM32L4xx_HAL_Driver/Src/stm32l4xx_hal_rcc_ex.o
 .text.HAL_SPI_Init
                0x08003ff4      0x146 ./Drivers/STM32L4xx_HAL_Driver/Src/stm32l4xx_hal_spi.o
                0x08003ff4                HAL_SPI_Init
 .text.HAL_UART_Init
                0x0800413a       0x9c ./Drivers/STM32L4xx_HAL_Driver/Src/stm32l4xx_hal_uart.o
                0x0800413a                HAL_UART_Init
 *fill*         0x080041d6        0x2 
 .text.UART_SetConfig
                0x080041d8      0x570 ./Drivers/STM32L4xx_HAL_Driver/Src/stm32l4xx_hal_uart.o
                0x080041d8                UART_SetConfig
 .text.UART_AdvFeatureConfig
                0x08004748      0x144 ./Drivers/STM32L4xx_HAL_Driver/Src/stm32l4xx_hal_uart.o
                0x08004748                UART_AdvFeatureConfig
 .text.UART_CheckIdleState
                0x0800488c      0x150 ./Drivers/STM32L4xx_HAL_Driver/Src/stm32l4xx_hal_uart.o
                0x0800488c                UART_CheckIdleState
 .text.UART_WaitOnFlagUntilTimeout
                0x080049dc       0xda ./Drivers/STM32L4xx_HAL_Driver/Src/stm32l4xx_hal_uart.o
                0x080049dc                UART_WaitOnFlagUntilTimeout
 .text.UART_EndRxTransfer
                0x08004ab6       0xc8 ./Drivers/STM32L4xx_HAL_Driver/Src/stm32l4xx_hal_uart.o
 .text.USB_CoreInit
                0x08004b7e       0x5a ./Drivers/STM32L4xx_HAL_Driver/Src/stm32l4xx_ll_usb.o
                0x08004b7e                USB_CoreInit
 .text.USB_DisableGlobalInt
                0x08004bd8       0x22 ./Drivers/STM32L4xx_HAL_Driver/Src/stm32l4xx_ll_usb.o
                0x08004bd8                USB_DisableGlobalInt
 .text.USB_SetCurrentMode
                0x08004bfa       0x98 ./Drivers/STM32L4xx_HAL_Driver/Src/stm32l4xx_ll_usb.o
                0x08004bfa                USB_SetCurrentMode
 *fill*         0x08004c92        0x2 
 .text.USB_DevInit
                0x08004c94      0x290 ./Drivers/STM32L4xx_HAL_Driver/Src/stm32l4xx_ll_usb.o
                0x08004c94                USB_DevInit
 .text.USB_FlushTxFifo
                0x08004f24       0x64 ./Drivers/STM32L4xx_HAL_Driver/Src/stm32l4xx_ll_usb.o
                0x08004f24                USB_FlushTxFifo
 .text.USB_FlushRxFifo
                0x08004f88       0x5c ./Drivers/STM32L4xx_HAL_Driver/Src/stm32l4xx_ll_usb.o
                0x08004f88                USB_FlushRxFifo
 .text.USB_SetDevSpeed
                0x08004fe4       0x32 ./Drivers/STM32L4xx_HAL_Driver/Src/stm32l4xx_ll_usb.o
                0x08004fe4                USB_SetDevSpeed
 .text.USB_DevDisconnect
                0x08005016       0x42 ./Drivers/STM32L4xx_HAL_Driver/Src/stm32l4xx_ll_usb.o
                0x08005016                USB_DevDisconnect
 .text.USB_GetMode
                0x08005058       0x1c ./Drivers/STM32L4xx_HAL_Driver/Src/stm32l4xx_ll_usb.o
                0x08005058                USB_GetMode
 .text.USB_CoreReset
                0x08005074       0x62 ./Drivers/STM32L4xx_HAL_Driver/Src/stm32l4xx_ll_usb.o
 *fill*         0x080050d6        0x2 
 .text.__NVIC_SetPriority
                0x080050d8       0x54 ./Middlewares/Third_Party/FreeRTOS/Source/CMSIS_RTOS_V2/cmsis_os2.o
 .text.SVC_Setup
                0x0800512c       0x12 ./Middlewares/Third_Party/FreeRTOS/Source/CMSIS_RTOS_V2/cmsis_os2.o
 *fill*         0x0800513e        0x2 
 .text.osKernelInitialize
                0x08005140       0x48 ./Middlewares/Third_Party/FreeRTOS/Source/CMSIS_RTOS_V2/cmsis_os2.o
                0x08005140                osKernelInitialize
 .text.osKernelStart
                0x08005188       0x4c ./Middlewares/Third_Party/FreeRTOS/Source/CMSIS_RTOS_V2/cmsis_os2.o
                0x08005188                osKernelStart
 .text.osThreadNew
                0x080051d4      0x124 ./Middlewares/Third_Party/FreeRTOS/Source/CMSIS_RTOS_V2/cmsis_os2.o
                0x080051d4                osThreadNew
 .text.osThreadExit
                0x080052f8        0xe ./Middlewares/Third_Party/FreeRTOS/Source/CMSIS_RTOS_V2/cmsis_os2.o
                0x080052f8                osThreadExit
 .text.osDelay  0x08005306       0x36 ./Middlewares/Third_Party/FreeRTOS/Source/CMSIS_RTOS_V2/cmsis_os2.o
                0x08005306                osDelay
 .text.osSemaphoreNew
                0x0800533c      0x112 ./Middlewares/Third_Party/FreeRTOS/Source/CMSIS_RTOS_V2/cmsis_os2.o
                0x0800533c                osSemaphoreNew
 *fill*         0x0800544e        0x2 
 .text.osSemaphoreAcquire
                0x08005450       0xa4 ./Middlewares/Third_Party/FreeRTOS/Source/CMSIS_RTOS_V2/cmsis_os2.o
                0x08005450                osSemaphoreAcquire
 .text.osSemaphoreRelease
                0x080054f4       0x88 ./Middlewares/Third_Party/FreeRTOS/Source/CMSIS_RTOS_V2/cmsis_os2.o
                0x080054f4                osSemaphoreRelease
 .text.vApplicationGetIdleTaskMemory
                0x0800557c       0x34 ./Middlewares/Third_Party/FreeRTOS/Source/CMSIS_RTOS_V2/cmsis_os2.o
                0x0800557c                vApplicationGetIdleTaskMemory
 .text.vApplicationGetTimerTaskMemory
                0x080055b0       0x34 ./Middlewares/Third_Party/FreeRTOS/Source/CMSIS_RTOS_V2/cmsis_os2.o
                0x080055b0                vApplicationGetTimerTaskMemory
 .text.vListInitialise
                0x080055e4       0x40 ./Middlewares/Third_Party/FreeRTOS/Source/list.o
                0x080055e4                vListInitialise
 .text.vListInitialiseItem
                0x08005624       0x1a ./Middlewares/Third_Party/FreeRTOS/Source/list.o
                0x08005624                vListInitialiseItem
 .text.vListInsertEnd
                0x0800563e       0x48 ./Middlewares/Third_Party/FreeRTOS/Source/list.o
                0x0800563e                vListInsertEnd
 .text.vListInsert
                0x08005686       0x72 ./Middlewares/Third_Party/FreeRTOS/Source/list.o
                0x08005686                vListInsert
 .text.uxListRemove
                0x080056f8       0x54 ./Middlewares/Third_Party/FreeRTOS/Source/list.o
                0x080056f8                uxListRemove
 .text.xQueueGenericReset
                0x0800574c       0xd4 ./Middlewares/Third_Party/FreeRTOS/Source/queue.o
                0x0800574c                xQueueGenericReset
 .text.xQueueGenericCreateStatic
                0x08005820       0xfa ./Middlewares/Third_Party/FreeRTOS/Source/queue.o
                0x08005820                xQueueGenericCreateStatic
 .text.xQueueGenericCreate
                0x0800591a       0x76 ./Middlewares/Third_Party/FreeRTOS/Source/queue.o
                0x0800591a                xQueueGenericCreate
 .text.prvInitialiseNewQueue
                0x08005990       0x46 ./Middlewares/Third_Party/FreeRTOS/Source/queue.o
 .text.xQueueCreateCountingSemaphoreStatic
                0x080059d6       0x72 ./Middlewares/Third_Party/FreeRTOS/Source/queue.o
                0x080059d6                xQueueCreateCountingSemaphoreStatic
 .text.xQueueCreateCountingSemaphore
                0x08005a48       0x6a ./Middlewares/Third_Party/FreeRTOS/Source/queue.o
                0x08005a48                xQueueCreateCountingSemaphore
 *fill*         0x08005ab2        0x2 
 .text.xQueueGenericSend
                0x08005ab4      0x204 ./Middlewares/Third_Party/FreeRTOS/Source/queue.o
                0x08005ab4                xQueueGenericSend
 .text.xQueueGenericSendFromISR
                0x08005cb8      0x13c ./Middlewares/Third_Party/FreeRTOS/Source/queue.o
                0x08005cb8                xQueueGenericSendFromISR
 .text.xQueueGiveFromISR
                0x08005df4      0x120 ./Middlewares/Third_Party/FreeRTOS/Source/queue.o
                0x08005df4                xQueueGiveFromISR
 .text.xQueueReceive
                0x08005f14      0x1c4 ./Middlewares/Third_Party/FreeRTOS/Source/queue.o
                0x08005f14                xQueueReceive
 .text.xQueueSemaphoreTake
                0x080060d8      0x220 ./Middlewares/Third_Party/FreeRTOS/Source/queue.o
                0x080060d8                xQueueSemaphoreTake
 .text.xQueueReceiveFromISR
                0x080062f8      0x104 ./Middlewares/Third_Party/FreeRTOS/Source/queue.o
                0x080062f8                xQueueReceiveFromISR
 .text.vQueueDelete
                0x080063fc       0x48 ./Middlewares/Third_Party/FreeRTOS/Source/queue.o
                0x080063fc                vQueueDelete
 .text.prvGetDisinheritPriorityAfterTimeout
                0x08006444       0x30 ./Middlewares/Third_Party/FreeRTOS/Source/queue.o
 .text.prvCopyDataToQueue
                0x08006474       0xd4 ./Middlewares/Third_Party/FreeRTOS/Source/queue.o
 .text.prvCopyDataFromQueue
                0x08006548       0x4c ./Middlewares/Third_Party/FreeRTOS/Source/queue.o
 .text.prvUnlockQueue
                0x08006594       0xa4 ./Middlewares/Third_Party/FreeRTOS/Source/queue.o
 .text.prvIsQueueEmpty
                0x08006638       0x2c ./Middlewares/Third_Party/FreeRTOS/Source/queue.o
 .text.prvIsQueueFull
                0x08006664       0x30 ./Middlewares/Third_Party/FreeRTOS/Source/queue.o
 .text.vQueueAddToRegistry
                0x08006694       0x54 ./Middlewares/Third_Party/FreeRTOS/Source/queue.o
                0x08006694                vQueueAddToRegistry
 .text.vQueueUnregisterQueue
                0x080066e8       0x54 ./Middlewares/Third_Party/FreeRTOS/Source/queue.o
                0x080066e8                vQueueUnregisterQueue
 .text.vQueueWaitForMessageRestricted
                0x0800673c       0x68 ./Middlewares/Third_Party/FreeRTOS/Source/queue.o
                0x0800673c                vQueueWaitForMessageRestricted
 .text.xTaskCreateStatic
                0x080067a4       0xc0 ./Middlewares/Third_Party/FreeRTOS/Source/tasks.o
                0x080067a4                xTaskCreateStatic
 .text.xTaskCreate
                0x08006864       0x8a ./Middlewares/Third_Party/FreeRTOS/Source/tasks.o
                0x08006864                xTaskCreate
 .text.prvInitialiseNewTask
                0x080068ee      0x120 ./Middlewares/Third_Party/FreeRTOS/Source/tasks.o
 *fill*         0x08006a0e        0x2 
 .text.prvAddNewTaskToReadyList
                0x08006a10       0xe0 ./Middlewares/Third_Party/FreeRTOS/Source/tasks.o
 .text.vTaskDelete
                0x08006af0       0xe8 ./Middlewares/Third_Party/FreeRTOS/Source/tasks.o
                0x08006af0                vTaskDelete
 .text.vTaskDelay
                0x08006bd8       0x6c ./Middlewares/Third_Party/FreeRTOS/Source/tasks.o
                0x08006bd8                vTaskDelay
 .text.vTaskStartScheduler
                0x08006c44       0xd0 ./Middlewares/Third_Party/FreeRTOS/Source/tasks.o
                0x08006c44                vTaskStartScheduler
 .text.vTaskSuspendAll
                0x08006d14       0x1c ./Middlewares/Third_Party/FreeRTOS/Source/tasks.o
                0x08006d14                vTaskSuspendAll
 .text.xTaskResumeAll
                0x08006d30      0x13c ./Middlewares/Third_Party/FreeRTOS/Source/tasks.o
                0x08006d30                xTaskResumeAll
 .text.xTaskGetTickCount
                0x08006e6c       0x20 ./Middlewares/Third_Party/FreeRTOS/Source/tasks.o
                0x08006e6c                xTaskGetTickCount
 .text.xTaskIncrementTick
                0x08006e8c      0x174 ./Middlewares/Third_Party/FreeRTOS/Source/tasks.o
                0x08006e8c                xTaskIncrementTick
 .text.vTaskSwitchContext
                0x08007000       0xbc ./Middlewares/Third_Party/FreeRTOS/Source/tasks.o
                0x08007000                vTaskSwitchContext
 .text.vTaskPlaceOnEventList
                0x080070bc       0x4c ./Middlewares/Third_Party/FreeRTOS/Source/tasks.o
                0x080070bc                vTaskPlaceOnEventList
 .text.vTaskPlaceOnEventListRestricted
                0x08007108       0x58 ./Middlewares/Third_Party/FreeRTOS/Source/tasks.o
                0x08007108                vTaskPlaceOnEventListRestricted
 .text.xTaskRemoveFromEventList
                0x08007160       0xc8 ./Middlewares/Third_Party/FreeRTOS/Source/tasks.o
                0x08007160                xTaskRemoveFromEventList
 .text.vTaskInternalSetTimeOutState
                0x08007228       0x2c ./Middlewares/Third_Party/FreeRTOS/Source/tasks.o
                0x08007228                vTaskInternalSetTimeOutState
 .text.xTaskCheckForTimeOut
                0x08007254       0xc8 ./Middlewares/Third_Party/FreeRTOS/Source/tasks.o
                0x08007254                xTaskCheckForTimeOut
 .text.vTaskMissedYield
                0x0800731c       0x18 ./Middlewares/Third_Party/FreeRTOS/Source/tasks.o
                0x0800731c                vTaskMissedYield
 .text.prvIdleTask
                0x08007334       0x30 ./Middlewares/Third_Party/FreeRTOS/Source/tasks.o
 .text.prvInitialiseTaskLists
                0x08007364       0x80 ./Middlewares/Third_Party/FreeRTOS/Source/tasks.o
 .text.prvCheckTasksWaitingTermination
                0x080073e4       0x5c ./Middlewares/Third_Party/FreeRTOS/Source/tasks.o
 .text.prvDeleteTCB
                0x08007440       0x60 ./Middlewares/Third_Party/FreeRTOS/Source/tasks.o
 .text.prvResetNextTaskUnblockTime
                0x080074a0       0x40 ./Middlewares/Third_Party/FreeRTOS/Source/tasks.o
 .text.xTaskGetSchedulerState
                0x080074e0       0x3c ./Middlewares/Third_Party/FreeRTOS/Source/tasks.o
                0x080074e0                xTaskGetSchedulerState
 .text.xTaskPriorityInherit
                0x0800751c       0xd0 ./Middlewares/Third_Party/FreeRTOS/Source/tasks.o
                0x0800751c                xTaskPriorityInherit
 .text.xTaskPriorityDisinherit
                0x080075ec       0xe0 ./Middlewares/Third_Party/FreeRTOS/Source/tasks.o
                0x080075ec                xTaskPriorityDisinherit
 .text.vTaskPriorityDisinheritAfterTimeout
                0x080076cc      0x108 ./Middlewares/Third_Party/FreeRTOS/Source/tasks.o
                0x080076cc                vTaskPriorityDisinheritAfterTimeout
 .text.pvTaskIncrementMutexHeldCount
                0x080077d4       0x28 ./Middlewares/Third_Party/FreeRTOS/Source/tasks.o
                0x080077d4                pvTaskIncrementMutexHeldCount
 .text.prvAddCurrentTaskToDelayedList
                0x080077fc       0xa8 ./Middlewares/Third_Party/FreeRTOS/Source/tasks.o
 .text.xTimerCreateTimerTask
                0x080078a4       0x94 ./Middlewares/Third_Party/FreeRTOS/Source/timers.o
                0x080078a4                xTimerCreateTimerTask
 .text.xTimerGenericCommand
                0x08007938       0x9c ./Middlewares/Third_Party/FreeRTOS/Source/timers.o
                0x08007938                xTimerGenericCommand
 .text.prvProcessExpiredTimer
                0x080079d4       0x9c ./Middlewares/Third_Party/FreeRTOS/Source/timers.o
 .text.prvTimerTask
                0x08007a70       0x26 ./Middlewares/Third_Party/FreeRTOS/Source/timers.o
 *fill*         0x08007a96        0x2 
 .text.prvProcessTimerOrBlockTask
                0x08007a98       0x9c ./Middlewares/Third_Party/FreeRTOS/Source/timers.o
 .text.prvGetNextExpireTime
                0x08007b34       0x48 ./Middlewares/Third_Party/FreeRTOS/Source/timers.o
 .text.prvSampleTimeNow
                0x08007b7c       0x40 ./Middlewares/Third_Party/FreeRTOS/Source/timers.o
 .text.prvInsertTimerInActiveList
                0x08007bbc       0x84 ./Middlewares/Third_Party/FreeRTOS/Source/timers.o
 .text.prvProcessReceivedCommands
                0x08007c40      0x1cc ./Middlewares/Third_Party/FreeRTOS/Source/timers.o
 .text.prvSwitchTimerLists
                0x08007e0c       0xcc ./Middlewares/Third_Party/FreeRTOS/Source/timers.o
 .text.prvCheckForValidListAndQueue
                0x08007ed8       0x80 ./Middlewares/Third_Party/FreeRTOS/Source/timers.o
 .text.pxPortInitialiseStack
                0x08007f58       0x68 ./Middlewares/Third_Party/FreeRTOS/Source/portable/GCC/ARM_CM4F/port.o
                0x08007f58                pxPortInitialiseStack
 .text.prvTaskExitError
                0x08007fc0       0x5c ./Middlewares/Third_Party/FreeRTOS/Source/portable/GCC/ARM_CM4F/port.o
 *fill*         0x0800801c        0x4 
 .text.SVC_Handler
                0x08008020       0x28 ./Middlewares/Third_Party/FreeRTOS/Source/portable/GCC/ARM_CM4F/port.o
                0x08008020                SVC_Handler
 .text.prvPortStartFirstTask
                0x08008048       0x28 ./Middlewares/Third_Party/FreeRTOS/Source/portable/GCC/ARM_CM4F/port.o
 .text.xPortStartScheduler
                0x08008070      0x148 ./Middlewares/Third_Party/FreeRTOS/Source/portable/GCC/ARM_CM4F/port.o
                0x08008070                xPortStartScheduler
 .text.vPortEnterCritical
                0x080081b8       0x64 ./Middlewares/Third_Party/FreeRTOS/Source/portable/GCC/ARM_CM4F/port.o
                0x080081b8                vPortEnterCritical
 .text.vPortExitCritical
                0x0800821c       0x54 ./Middlewares/Third_Party/FreeRTOS/Source/portable/GCC/ARM_CM4F/port.o
                0x0800821c                vPortExitCritical
 .text.PendSV_Handler
                0x08008270       0x68 ./Middlewares/Third_Party/FreeRTOS/Source/portable/GCC/ARM_CM4F/port.o
                0x08008270                PendSV_Handler
 .text.xPortSysTickHandler
                0x080082d8       0x44 ./Middlewares/Third_Party/FreeRTOS/Source/portable/GCC/ARM_CM4F/port.o
                0x080082d8                xPortSysTickHandler
 .text.vPortSetupTimerInterrupt
                0x0800831c       0x48 ./Middlewares/Third_Party/FreeRTOS/Source/portable/GCC/ARM_CM4F/port.o
                0x0800831c                vPortSetupTimerInterrupt
 .text.vPortEnableVFP
                0x08008364       0x14 ./Middlewares/Third_Party/FreeRTOS/Source/portable/GCC/ARM_CM4F/port.o
 .text.vPortValidateInterruptPriority
                0x08008378       0x84 ./Middlewares/Third_Party/FreeRTOS/Source/portable/GCC/ARM_CM4F/port.o
                0x08008378                vPortValidateInterruptPriority
 .text.pvPortMalloc
                0x080083fc      0x19c ./Middlewares/Third_Party/FreeRTOS/Source/portable/MemMang/heap_4.o
                0x080083fc                pvPortMalloc
 .text.vPortFree
                0x08008598       0xc8 ./Middlewares/Third_Party/FreeRTOS/Source/portable/MemMang/heap_4.o
                0x08008598                vPortFree
 .text.prvHeapInit
                0x08008660       0xc4 ./Middlewares/Third_Party/FreeRTOS/Source/portable/MemMang/heap_4.o
 .text.prvInsertBlockIntoFreeList
                0x08008724       0xb4 ./Middlewares/Third_Party/FreeRTOS/Source/portable/MemMang/heap_4.o
 .text.memset   0x080087d8       0x10 C:/ST/STM32CubeIDE_1.18.1/STM32CubeIDE/plugins/com.st.stm32cube.ide.mcu.externaltools.gnu-tools-for-stm32.13.3.rel1.win32_1.0.0.202411081344/tools/bin/../lib/gcc/arm-none-eabi/13.3.1/../../../../arm-none-eabi/lib/thumb/v7e-m+fp/hard\libc_nano.a(libc_a-memset.o)
                0x080087d8                memset
 .text.__libc_init_array
                0x080087e8       0x48 C:/ST/STM32CubeIDE_1.18.1/STM32CubeIDE/plugins/com.st.stm32cube.ide.mcu.externaltools.gnu-tools-for-stm32.13.3.rel1.win32_1.0.0.202411081344/tools/bin/../lib/gcc/arm-none-eabi/13.3.1/../../../../arm-none-eabi/lib/thumb/v7e-m+fp/hard\libc_nano.a(libc_a-init.o)
                0x080087e8                __libc_init_array
 .text.memcpy   0x08008830       0x1c C:/ST/STM32CubeIDE_1.18.1/STM32CubeIDE/plugins/com.st.stm32cube.ide.mcu.externaltools.gnu-tools-for-stm32.13.3.rel1.win32_1.0.0.202411081344/tools/bin/../lib/gcc/arm-none-eabi/13.3.1/../../../../arm-none-eabi/lib/thumb/v7e-m+fp/hard\libc_nano.a(libc_a-memcpy-stub.o)
                0x08008830                memcpy
 *(.glue_7)
 .glue_7        0x0800884c        0x0 linker stubs
 *(.glue_7t)
 .glue_7t       0x0800884c        0x0 linker stubs
 *(.eh_frame)
 .eh_frame      0x0800884c        0x0 C:/ST/STM32CubeIDE_1.18.1/STM32CubeIDE/plugins/com.st.stm32cube.ide.mcu.externaltools.gnu-tools-for-stm32.13.3.rel1.win32_1.0.0.202411081344/tools/bin/../lib/gcc/arm-none-eabi/13.3.1/thumb/v7e-m+fp/hard/crtbegin.o
 *(.init)
 .init          0x0800884c        0x4 C:/ST/STM32CubeIDE_1.18.1/STM32CubeIDE/plugins/com.st.stm32cube.ide.mcu.externaltools.gnu-tools-for-stm32.13.3.rel1.win32_1.0.0.202411081344/tools/bin/../lib/gcc/arm-none-eabi/13.3.1/thumb/v7e-m+fp/hard/crti.o
                0x0800884c                _init
 .init          0x08008850        0x8 C:/ST/STM32CubeIDE_1.18.1/STM32CubeIDE/plugins/com.st.stm32cube.ide.mcu.externaltools.gnu-tools-for-stm32.13.3.rel1.win32_1.0.0.202411081344/tools/bin/../lib/gcc/arm-none-eabi/13.3.1/thumb/v7e-m+fp/hard/crtn.o
 *(.fini)
 .fini          0x08008858        0x4 C:/ST/STM32CubeIDE_1.18.1/STM32CubeIDE/plugins/com.st.stm32cube.ide.mcu.externaltools.gnu-tools-for-stm32.13.3.rel1.win32_1.0.0.202411081344/tools/bin/../lib/gcc/arm-none-eabi/13.3.1/thumb/v7e-m+fp/hard/crti.o
                0x08008858                _fini
 .fini          0x0800885c        0x8 C:/ST/STM32CubeIDE_1.18.1/STM32CubeIDE/plugins/com.st.stm32cube.ide.mcu.externaltools.gnu-tools-for-stm32.13.3.rel1.win32_1.0.0.202411081344/tools/bin/../lib/gcc/arm-none-eabi/13.3.1/thumb/v7e-m+fp/hard/crtn.o
                0x08008864                        . = ALIGN (0x4)
                0x08008864                        _etext = .

.vfp11_veneer   0x08008864        0x0
 .vfp11_veneer  0x08008864        0x0 linker stubs

.v4_bx          0x08008864        0x0
 .v4_bx         0x08008864        0x0 linker stubs

.iplt           0x08008864        0x0
 .iplt          0x08008864        0x0 C:/ST/STM32CubeIDE_1.18.1/STM32CubeIDE/plugins/com.st.stm32cube.ide.mcu.externaltools.gnu-tools-for-stm32.13.3.rel1.win32_1.0.0.202411081344/tools/bin/../lib/gcc/arm-none-eabi/13.3.1/thumb/v7e-m+fp/hard/crtbegin.o

.rodata         0x08008864      0x17c
                0x08008864                        . = ALIGN (0x4)
 *(.rodata)
 .rodata        0x08008864       0x56 ./Core/Src/main.o
 *fill*         0x080088ba        0x2 
 .rodata        0x080088bc        0x5 ./Middlewares/Third_Party/FreeRTOS/Source/tasks.o
 *fill*         0x080088c1        0x3 
 .rodata        0x080088c4        0xd ./Middlewares/Third_Party/FreeRTOS/Source/timers.o
 *(.rodata*)
 *fill*         0x080088d1        0x3 
 .rodata.defaultTask_attributes
                0x080088d4       0x24 ./Core/Src/main.o
                0x080088d4                defaultTask_attributes
 .rodata.led_verde_attributes
                0x080088f8       0x24 ./Core/Src/main.o
                0x080088f8                led_verde_attributes
 .rodata.led_amarillo_attributes
                0x0800891c       0x24 ./Core/Src/main.o
                0x0800891c                led_amarillo_attributes
 .rodata.lcd_A_attributes
                0x08008940       0x24 ./Core/Src/main.o
                0x08008940                lcd_A_attributes
 .rodata.lcd_B_attributes
                0x08008964       0x24 ./Core/Src/main.o
                0x08008964                lcd_B_attributes
 .rodata.myLCD_attributes
                0x08008988       0x10 ./Core/Src/main.o
                0x08008988                myLCD_attributes
 .rodata.AHBPrescTable
                0x08008998       0x10 ./Core/Src/system_stm32l4xx.o
                0x08008998                AHBPrescTable
 .rodata.APBPrescTable
                0x080089a8        0x8 ./Core/Src/system_stm32l4xx.o
                0x080089a8                APBPrescTable
 .rodata.MSIRangeTable
                0x080089b0       0x30 ./Core/Src/system_stm32l4xx.o
                0x080089b0                MSIRangeTable
                0x080089e0                        . = ALIGN (0x4)

.ARM.extab      0x080089e0        0x0
                0x080089e0                        . = ALIGN (0x4)
 *(.ARM.extab* .gnu.linkonce.armextab.*)
                0x080089e0                        . = ALIGN (0x4)

.ARM            0x080089e0        0x8
                0x080089e0                        . = ALIGN (0x4)
                0x080089e0                        __exidx_start = .
 *(.ARM.exidx*)
 .ARM.exidx     0x080089e0        0x8 C:/ST/STM32CubeIDE_1.18.1/STM32CubeIDE/plugins/com.st.stm32cube.ide.mcu.externaltools.gnu-tools-for-stm32.13.3.rel1.win32_1.0.0.202411081344/tools/bin/../lib/gcc/arm-none-eabi/13.3.1/thumb/v7e-m+fp/hard\libgcc.a(_udivmoddi4.o)
                0x080089e8                        __exidx_end = .
                0x080089e8                        . = ALIGN (0x4)

.preinit_array  0x080089e8        0x0
                0x080089e8                        . = ALIGN (0x4)
                0x080089e8                        PROVIDE (__preinit_array_start = .)
 *(.preinit_array*)
                0x080089e8                        PROVIDE (__preinit_array_end = .)
                0x080089e8                        . = ALIGN (0x4)

.init_array     0x080089e8        0x4
                0x080089e8                        . = ALIGN (0x4)
                0x080089e8                        PROVIDE (__init_array_start = .)
 *(SORT_BY_NAME(.init_array.*))
 *(.init_array*)
 .init_array    0x080089e8        0x4 C:/ST/STM32CubeIDE_1.18.1/STM32CubeIDE/plugins/com.st.stm32cube.ide.mcu.externaltools.gnu-tools-for-stm32.13.3.rel1.win32_1.0.0.202411081344/tools/bin/../lib/gcc/arm-none-eabi/13.3.1/thumb/v7e-m+fp/hard/crtbegin.o
                0x080089ec                        PROVIDE (__init_array_end = .)
                0x080089ec                        . = ALIGN (0x4)

.fini_array     0x080089ec        0x4
                0x080089ec                        . = ALIGN (0x4)
                [!provide]                        PROVIDE (__fini_array_start = .)
 *(SORT_BY_NAME(.fini_array.*))
 *(.fini_array*)
 .fini_array    0x080089ec        0x4 C:/ST/STM32CubeIDE_1.18.1/STM32CubeIDE/plugins/com.st.stm32cube.ide.mcu.externaltools.gnu-tools-for-stm32.13.3.rel1.win32_1.0.0.202411081344/tools/bin/../lib/gcc/arm-none-eabi/13.3.1/thumb/v7e-m+fp/hard/crtbegin.o
                [!provide]                        PROVIDE (__fini_array_end = .)
                0x080089f0                        . = ALIGN (0x4)
                0x080089f0                        _sidata = LOADADDR (.data)

.rel.dyn        0x080089f0        0x0
 .rel.iplt      0x080089f0        0x0 C:/ST/STM32CubeIDE_1.18.1/STM32CubeIDE/plugins/com.st.stm32cube.ide.mcu.externaltools.gnu-tools-for-stm32.13.3.rel1.win32_1.0.0.202411081344/tools/bin/../lib/gcc/arm-none-eabi/13.3.1/thumb/v7e-m+fp/hard/crtbegin.o

.data           0x20000000       0x10 load address 0x080089f0
                0x20000000                        . = ALIGN (0x4)
                0x20000000                        _sdata = .
 *(.data)
 *(.data*)
 .data.SystemCoreClock
                0x20000000        0x4 ./Core/Src/system_stm32l4xx.o
                0x20000000                SystemCoreClock
 .data.uwTickPrio
                0x20000004        0x4 ./Drivers/STM32L4xx_HAL_Driver/Src/stm32l4xx_hal.o
                0x20000004                uwTickPrio
 .data.uwTickFreq
                0x20000008        0x1 ./Drivers/STM32L4xx_HAL_Driver/Src/stm32l4xx_hal.o
                0x20000008                uwTickFreq
 *fill*         0x20000009        0x3 
 .data.uxCriticalNesting
                0x2000000c        0x4 ./Middlewares/Third_Party/FreeRTOS/Source/portable/GCC/ARM_CM4F/port.o
 *(.RamFunc)
 *(.RamFunc*)
                0x20000010                        . = ALIGN (0x4)
                0x20000010                        _edata = .

.igot.plt       0x20000010        0x0 load address 0x08008a00
 .igot.plt      0x20000010        0x0 C:/ST/STM32CubeIDE_1.18.1/STM32CubeIDE/plugins/com.st.stm32cube.ide.mcu.externaltools.gnu-tools-for-stm32.13.3.rel1.win32_1.0.0.202411081344/tools/bin/../lib/gcc/arm-none-eabi/13.3.1/thumb/v7e-m+fp/hard/crtbegin.o
                0x20000010                        . = ALIGN (0x4)

.bss            0x20000010     0x2488 load address 0x08008a00
                0x20000010                        _sbss = .
                0x20000010                        __bss_start__ = _sbss
 *(.bss)
 .bss           0x20000010       0x1c C:/ST/STM32CubeIDE_1.18.1/STM32CubeIDE/plugins/com.st.stm32cube.ide.mcu.externaltools.gnu-tools-for-stm32.13.3.rel1.win32_1.0.0.202411081344/tools/bin/../lib/gcc/arm-none-eabi/13.3.1/thumb/v7e-m+fp/hard/crtbegin.o
 *(.bss*)
 .bss.lcd_chars
                0x2000002c        0x1 ./Core/Src/hd44780.o
                0x2000002c                lcd_chars
 .bss.lcd_lines
                0x2000002d        0x1 ./Core/Src/hd44780.o
                0x2000002d                lcd_lines
 *fill*         0x2000002e        0x2 
 .bss.lcd_line_addresses
                0x20000030        0x4 ./Core/Src/hd44780.o
                0x20000030                lcd_line_addresses
 .bss._lcd_char
                0x20000034        0x1 ./Core/Src/hd44780.o
                0x20000034                _lcd_char
 .bss._lcd_line
                0x20000035        0x1 ./Core/Src/hd44780.o
                0x20000035                _lcd_line
 *fill*         0x20000036        0x2 
 .bss.hdfsdm1_channel1
                0x20000038       0x38 ./Core/Src/main.o
                0x20000038                hdfsdm1_channel1
 .bss.hi2c2     0x20000070       0x54 ./Core/Src/main.o
                0x20000070                hi2c2
 .bss.hqspi     0x200000c4       0x44 ./Core/Src/main.o
                0x200000c4                hqspi
 .bss.hspi3     0x20000108       0x64 ./Core/Src/main.o
                0x20000108                hspi3
 .bss.huart1    0x2000016c       0x88 ./Core/Src/main.o
                0x2000016c                huart1
 .bss.huart3    0x200001f4       0x88 ./Core/Src/main.o
                0x200001f4                huart3
 .bss.hpcd_USB_OTG_FS
                0x2000027c      0x4e4 ./Core/Src/main.o
                0x2000027c                hpcd_USB_OTG_FS
 .bss.defaultTaskHandle
                0x20000760        0x4 ./Core/Src/main.o
                0x20000760                defaultTaskHandle
 .bss.led_verdeHandle
                0x20000764        0x4 ./Core/Src/main.o
                0x20000764                led_verdeHandle
 .bss.led_amarilloHandle
                0x20000768        0x4 ./Core/Src/main.o
                0x20000768                led_amarilloHandle
 .bss.lcd_AHandle
                0x2000076c        0x4 ./Core/Src/main.o
                0x2000076c                lcd_AHandle
 .bss.lcd_BHandle
                0x20000770        0x4 ./Core/Src/main.o
                0x20000770                lcd_BHandle
 .bss.myLCDHandle
                0x20000774        0x4 ./Core/Src/main.o
                0x20000774                myLCDHandle
 .bss.lcd_init  0x20000778        0x1 ./Core/Src/main.o
 *fill*         0x20000779        0x3 
 .bss.DFSDM1_Init
                0x2000077c        0x4 ./Core/Src/stm32l4xx_hal_msp.o
 .bss.uwTick    0x20000780        0x4 ./Drivers/STM32L4xx_HAL_Driver/Src/stm32l4xx_hal.o
                0x20000780                uwTick
 .bss.v_dfsdm1ChannelCounter
                0x20000784        0x4 ./Drivers/STM32L4xx_HAL_Driver/Src/stm32l4xx_hal_dfsdm.o
 .bss.a_dfsdm1ChannelHandle
                0x20000788       0x20 ./Drivers/STM32L4xx_HAL_Driver/Src/stm32l4xx_hal_dfsdm.o
 .bss.KernelState
                0x200007a8        0x4 ./Middlewares/Third_Party/FreeRTOS/Source/CMSIS_RTOS_V2/cmsis_os2.o
 .bss.Idle_TCB.3
                0x200007ac       0x5c ./Middlewares/Third_Party/FreeRTOS/Source/CMSIS_RTOS_V2/cmsis_os2.o
 .bss.Idle_Stack.2
                0x20000808      0x200 ./Middlewares/Third_Party/FreeRTOS/Source/CMSIS_RTOS_V2/cmsis_os2.o
 .bss.Timer_TCB.1
                0x20000a08       0x5c ./Middlewares/Third_Party/FreeRTOS/Source/CMSIS_RTOS_V2/cmsis_os2.o
 .bss.Timer_Stack.0
                0x20000a64      0x400 ./Middlewares/Third_Party/FreeRTOS/Source/CMSIS_RTOS_V2/cmsis_os2.o
 .bss.xQueueRegistry
                0x20000e64       0x40 ./Middlewares/Third_Party/FreeRTOS/Source/queue.o
                0x20000e64                xQueueRegistry
 .bss.pxCurrentTCB
                0x20000ea4        0x4 ./Middlewares/Third_Party/FreeRTOS/Source/tasks.o
                0x20000ea4                pxCurrentTCB
 .bss.pxReadyTasksLists
                0x20000ea8      0x460 ./Middlewares/Third_Party/FreeRTOS/Source/tasks.o
 .bss.xDelayedTaskList1
                0x20001308       0x14 ./Middlewares/Third_Party/FreeRTOS/Source/tasks.o
 .bss.xDelayedTaskList2
                0x2000131c       0x14 ./Middlewares/Third_Party/FreeRTOS/Source/tasks.o
 .bss.pxDelayedTaskList
                0x20001330        0x4 ./Middlewares/Third_Party/FreeRTOS/Source/tasks.o
 .bss.pxOverflowDelayedTaskList
                0x20001334        0x4 ./Middlewares/Third_Party/FreeRTOS/Source/tasks.o
 .bss.xPendingReadyList
                0x20001338       0x14 ./Middlewares/Third_Party/FreeRTOS/Source/tasks.o
 .bss.xTasksWaitingTermination
                0x2000134c       0x14 ./Middlewares/Third_Party/FreeRTOS/Source/tasks.o
 .bss.uxDeletedTasksWaitingCleanUp
                0x20001360        0x4 ./Middlewares/Third_Party/FreeRTOS/Source/tasks.o
 .bss.xSuspendedTaskList
                0x20001364       0x14 ./Middlewares/Third_Party/FreeRTOS/Source/tasks.o
 .bss.uxCurrentNumberOfTasks
                0x20001378        0x4 ./Middlewares/Third_Party/FreeRTOS/Source/tasks.o
 .bss.xTickCount
                0x2000137c        0x4 ./Middlewares/Third_Party/FreeRTOS/Source/tasks.o
 .bss.uxTopReadyPriority
                0x20001380        0x4 ./Middlewares/Third_Party/FreeRTOS/Source/tasks.o
 .bss.xSchedulerRunning
                0x20001384        0x4 ./Middlewares/Third_Party/FreeRTOS/Source/tasks.o
 .bss.xPendedTicks
                0x20001388        0x4 ./Middlewares/Third_Party/FreeRTOS/Source/tasks.o
 .bss.xYieldPending
                0x2000138c        0x4 ./Middlewares/Third_Party/FreeRTOS/Source/tasks.o
 .bss.xNumOfOverflows
                0x20001390        0x4 ./Middlewares/Third_Party/FreeRTOS/Source/tasks.o
 .bss.uxTaskNumber
                0x20001394        0x4 ./Middlewares/Third_Party/FreeRTOS/Source/tasks.o
 .bss.xNextTaskUnblockTime
                0x20001398        0x4 ./Middlewares/Third_Party/FreeRTOS/Source/tasks.o
 .bss.xIdleTaskHandle
                0x2000139c        0x4 ./Middlewares/Third_Party/FreeRTOS/Source/tasks.o
 .bss.uxSchedulerSuspended
                0x200013a0        0x4 ./Middlewares/Third_Party/FreeRTOS/Source/tasks.o
 .bss.xActiveTimerList1
                0x200013a4       0x14 ./Middlewares/Third_Party/FreeRTOS/Source/timers.o
 .bss.xActiveTimerList2
                0x200013b8       0x14 ./Middlewares/Third_Party/FreeRTOS/Source/timers.o
 .bss.pxCurrentTimerList
                0x200013cc        0x4 ./Middlewares/Third_Party/FreeRTOS/Source/timers.o
 .bss.pxOverflowTimerList
                0x200013d0        0x4 ./Middlewares/Third_Party/FreeRTOS/Source/timers.o
 .bss.xTimerQueue
                0x200013d4        0x4 ./Middlewares/Third_Party/FreeRTOS/Source/timers.o
 .bss.xTimerTaskHandle
                0x200013d8        0x4 ./Middlewares/Third_Party/FreeRTOS/Source/timers.o
 .bss.xLastTime.2
                0x200013dc        0x4 ./Middlewares/Third_Party/FreeRTOS/Source/timers.o
 .bss.ucStaticTimerQueueStorage.1
                0x200013e0       0xa0 ./Middlewares/Third_Party/FreeRTOS/Source/timers.o
 .bss.xStaticTimerQueue.0
                0x20001480       0x50 ./Middlewares/Third_Party/FreeRTOS/Source/timers.o
 .bss.ucMaxSysCallPriority
                0x200014d0        0x1 ./Middlewares/Third_Party/FreeRTOS/Source/portable/GCC/ARM_CM4F/port.o
 *fill*         0x200014d1        0x3 
 .bss.ulMaxPRIGROUPValue
                0x200014d4        0x4 ./Middlewares/Third_Party/FreeRTOS/Source/portable/GCC/ARM_CM4F/port.o
 .bss.ucHeap    0x200014d8      0xfa0 ./Middlewares/Third_Party/FreeRTOS/Source/portable/MemMang/heap_4.o
 .bss.xStart    0x20002478        0x8 ./Middlewares/Third_Party/FreeRTOS/Source/portable/MemMang/heap_4.o
 .bss.pxEnd     0x20002480        0x4 ./Middlewares/Third_Party/FreeRTOS/Source/portable/MemMang/heap_4.o
 .bss.xFreeBytesRemaining
                0x20002484        0x4 ./Middlewares/Third_Party/FreeRTOS/Source/portable/MemMang/heap_4.o
 .bss.xMinimumEverFreeBytesRemaining
                0x20002488        0x4 ./Middlewares/Third_Party/FreeRTOS/Source/portable/MemMang/heap_4.o
 .bss.xNumberOfSuccessfulAllocations
                0x2000248c        0x4 ./Middlewares/Third_Party/FreeRTOS/Source/portable/MemMang/heap_4.o
 .bss.xNumberOfSuccessfulFrees
                0x20002490        0x4 ./Middlewares/Third_Party/FreeRTOS/Source/portable/MemMang/heap_4.o
 .bss.xBlockAllocatedBit
                0x20002494        0x4 ./Middlewares/Third_Party/FreeRTOS/Source/portable/MemMang/heap_4.o
 *(COMMON)
                0x20002498                        . = ALIGN (0x4)
                0x20002498                        _ebss = .
                0x20002498                        __bss_end__ = _ebss

._user_heap_stack
                0x20002498      0x600 load address 0x08008a00
                0x20002498                        . = ALIGN (0x8)
                [!provide]                        PROVIDE (end = .)
                0x20002498                        PROVIDE (_end = .)
                0x20002698                        . = (. + _Min_Heap_Size)
 *fill*         0x20002498      0x200 
                0x20002a98                        . = (. + _Min_Stack_Size)
 *fill*         0x20002698      0x400 
                0x20002a98                        . = ALIGN (0x8)

/DISCARD/
 libc.a(*)
 libm.a(*)
 libgcc.a(*)

.ARM.attributes
                0x00000000       0x30
 *(.ARM.attributes)
 .ARM.attributes
                0x00000000       0x22 C:/ST/STM32CubeIDE_1.18.1/STM32CubeIDE/plugins/com.st.stm32cube.ide.mcu.externaltools.gnu-tools-for-stm32.13.3.rel1.win32_1.0.0.202411081344/tools/bin/../lib/gcc/arm-none-eabi/13.3.1/thumb/v7e-m+fp/hard/crti.o
 .ARM.attributes
                0x00000022       0x34 C:/ST/STM32CubeIDE_1.18.1/STM32CubeIDE/plugins/com.st.stm32cube.ide.mcu.externaltools.gnu-tools-for-stm32.13.3.rel1.win32_1.0.0.202411081344/tools/bin/../lib/gcc/arm-none-eabi/13.3.1/thumb/v7e-m+fp/hard/crtbegin.o
 .ARM.attributes
                0x00000056       0x34 ./Core/Src/hd44780.o
 .ARM.attributes
                0x0000008a       0x34 ./Core/Src/main.o
 .ARM.attributes
                0x000000be       0x34 ./Core/Src/stm32l4xx_hal_msp.o
 .ARM.attributes
                0x000000f2       0x34 ./Core/Src/stm32l4xx_it.o
 .ARM.attributes
                0x00000126       0x34 ./Core/Src/system_stm32l4xx.o
 .ARM.attributes
                0x0000015a       0x21 ./Core/Startup/startup_stm32l475vgtx.o
 .ARM.attributes
                0x0000017b       0x34 ./Drivers/STM32L4xx_HAL_Driver/Src/stm32l4xx_hal.o
 .ARM.attributes
                0x000001af       0x34 ./Drivers/STM32L4xx_HAL_Driver/Src/stm32l4xx_hal_cortex.o
 .ARM.attributes
                0x000001e3       0x34 ./Drivers/STM32L4xx_HAL_Driver/Src/stm32l4xx_hal_dfsdm.o
 .ARM.attributes
                0x00000217       0x34 ./Drivers/STM32L4xx_HAL_Driver/Src/stm32l4xx_hal_gpio.o
 .ARM.attributes
                0x0000024b       0x34 ./Drivers/STM32L4xx_HAL_Driver/Src/stm32l4xx_hal_i2c.o
 .ARM.attributes
                0x0000027f       0x34 ./Drivers/STM32L4xx_HAL_Driver/Src/stm32l4xx_hal_i2c_ex.o
 .ARM.attributes
                0x000002b3       0x34 ./Drivers/STM32L4xx_HAL_Driver/Src/stm32l4xx_hal_pcd.o
 .ARM.attributes
                0x000002e7       0x34 ./Drivers/STM32L4xx_HAL_Driver/Src/stm32l4xx_hal_pcd_ex.o
 .ARM.attributes
                0x0000031b       0x34 ./Drivers/STM32L4xx_HAL_Driver/Src/stm32l4xx_hal_pwr.o
 .ARM.attributes
                0x0000034f       0x34 ./Drivers/STM32L4xx_HAL_Driver/Src/stm32l4xx_hal_pwr_ex.o
 .ARM.attributes
                0x00000383       0x34 ./Drivers/STM32L4xx_HAL_Driver/Src/stm32l4xx_hal_qspi.o
 .ARM.attributes
                0x000003b7       0x34 ./Drivers/STM32L4xx_HAL_Driver/Src/stm32l4xx_hal_rcc.o
 .ARM.attributes
                0x000003eb       0x34 ./Drivers/STM32L4xx_HAL_Driver/Src/stm32l4xx_hal_rcc_ex.o
 .ARM.attributes
                0x0000041f       0x34 ./Drivers/STM32L4xx_HAL_Driver/Src/stm32l4xx_hal_spi.o
 .ARM.attributes
                0x00000453       0x34 ./Drivers/STM32L4xx_HAL_Driver/Src/stm32l4xx_hal_uart.o
 .ARM.attributes
                0x00000487       0x34 ./Drivers/STM32L4xx_HAL_Driver/Src/stm32l4xx_ll_usb.o
 .ARM.attributes
                0x000004bb       0x34 ./Middlewares/Third_Party/FreeRTOS/Source/CMSIS_RTOS_V2/cmsis_os2.o
 .ARM.attributes
                0x000004ef       0x34 ./Middlewares/Third_Party/FreeRTOS/Source/list.o
 .ARM.attributes
                0x00000523       0x34 ./Middlewares/Third_Party/FreeRTOS/Source/queue.o
 .ARM.attributes
                0x00000557       0x34 ./Middlewares/Third_Party/FreeRTOS/Source/tasks.o
 .ARM.attributes
                0x0000058b       0x34 ./Middlewares/Third_Party/FreeRTOS/Source/timers.o
 .ARM.attributes
                0x000005bf       0x34 ./Middlewares/Third_Party/FreeRTOS/Source/portable/GCC/ARM_CM4F/port.o
 .ARM.attributes
                0x000005f3       0x34 ./Middlewares/Third_Party/FreeRTOS/Source/portable/MemMang/heap_4.o
 .ARM.attributes
                0x00000627       0x34 C:/ST/STM32CubeIDE_1.18.1/STM32CubeIDE/plugins/com.st.stm32cube.ide.mcu.externaltools.gnu-tools-for-stm32.13.3.rel1.win32_1.0.0.202411081344/tools/bin/../lib/gcc/arm-none-eabi/13.3.1/../../../../arm-none-eabi/lib/thumb/v7e-m+fp/hard\libc_nano.a(libc_a-memset.o)
 .ARM.attributes
                0x0000065b       0x34 C:/ST/STM32CubeIDE_1.18.1/STM32CubeIDE/plugins/com.st.stm32cube.ide.mcu.externaltools.gnu-tools-for-stm32.13.3.rel1.win32_1.0.0.202411081344/tools/bin/../lib/gcc/arm-none-eabi/13.3.1/../../../../arm-none-eabi/lib/thumb/v7e-m+fp/hard\libc_nano.a(libc_a-init.o)
 .ARM.attributes
                0x0000068f       0x34 C:/ST/STM32CubeIDE_1.18.1/STM32CubeIDE/plugins/com.st.stm32cube.ide.mcu.externaltools.gnu-tools-for-stm32.13.3.rel1.win32_1.0.0.202411081344/tools/bin/../lib/gcc/arm-none-eabi/13.3.1/../../../../arm-none-eabi/lib/thumb/v7e-m+fp/hard\libc_nano.a(libc_a-memcpy-stub.o)
 .ARM.attributes
                0x000006c3       0x22 C:/ST/STM32CubeIDE_1.18.1/STM32CubeIDE/plugins/com.st.stm32cube.ide.mcu.externaltools.gnu-tools-for-stm32.13.3.rel1.win32_1.0.0.202411081344/tools/bin/../lib/gcc/arm-none-eabi/13.3.1/thumb/v7e-m+fp/hard\libgcc.a(_aeabi_uldivmod.o)
 .ARM.attributes
                0x000006e5       0x34 C:/ST/STM32CubeIDE_1.18.1/STM32CubeIDE/plugins/com.st.stm32cube.ide.mcu.externaltools.gnu-tools-for-stm32.13.3.rel1.win32_1.0.0.202411081344/tools/bin/../lib/gcc/arm-none-eabi/13.3.1/thumb/v7e-m+fp/hard\libgcc.a(_udivmoddi4.o)
 .ARM.attributes
                0x00000719       0x22 C:/ST/STM32CubeIDE_1.18.1/STM32CubeIDE/plugins/com.st.stm32cube.ide.mcu.externaltools.gnu-tools-for-stm32.13.3.rel1.win32_1.0.0.202411081344/tools/bin/../lib/gcc/arm-none-eabi/13.3.1/thumb/v7e-m+fp/hard\libgcc.a(_dvmd_tls.o)
 .ARM.attributes
                0x0000073b       0x22 C:/ST/STM32CubeIDE_1.18.1/STM32CubeIDE/plugins/com.st.stm32cube.ide.mcu.externaltools.gnu-tools-for-stm32.13.3.rel1.win32_1.0.0.202411081344/tools/bin/../lib/gcc/arm-none-eabi/13.3.1/thumb/v7e-m+fp/hard/crtn.o
OUTPUT(P8_SETR1.elf elf32-littlearm)
LOAD linker stubs
LOAD C:/ST/STM32CubeIDE_1.18.1/STM32CubeIDE/plugins/com.st.stm32cube.ide.mcu.externaltools.gnu-tools-for-stm32.13.3.rel1.win32_1.0.0.202411081344/tools/bin/../lib/gcc/arm-none-eabi/13.3.1/../../../../arm-none-eabi/lib/thumb/v7e-m+fp/hard\libc.a
LOAD C:/ST/STM32CubeIDE_1.18.1/STM32CubeIDE/plugins/com.st.stm32cube.ide.mcu.externaltools.gnu-tools-for-stm32.13.3.rel1.win32_1.0.0.202411081344/tools/bin/../lib/gcc/arm-none-eabi/13.3.1/../../../../arm-none-eabi/lib/thumb/v7e-m+fp/hard\libm.a
LOAD C:/ST/STM32CubeIDE_1.18.1/STM32CubeIDE/plugins/com.st.stm32cube.ide.mcu.externaltools.gnu-tools-for-stm32.13.3.rel1.win32_1.0.0.202411081344/tools/bin/../lib/gcc/arm-none-eabi/13.3.1/thumb/v7e-m+fp/hard\libgcc.a

.debug_info     0x00000000    0x215fc
 .debug_info    0x00000000      0x44b ./Core/Src/hd44780.o
 .debug_info    0x0000044b     0x25da ./Core/Src/main.o
 .debug_info    0x00002a25     0x21ce ./Core/Src/stm32l4xx_hal_msp.o
 .debug_info    0x00004bf3      0x164 ./Core/Src/stm32l4xx_it.o
 .debug_info    0x00004d57      0x5b1 ./Core/Src/system_stm32l4xx.o
 .debug_info    0x00005308       0x30 ./Core/Startup/startup_stm32l475vgtx.o
 .debug_info    0x00005338      0xae5 ./Drivers/STM32L4xx_HAL_Driver/Src/stm32l4xx_hal.o
 .debug_info    0x00005e1d      0xd7b ./Drivers/STM32L4xx_HAL_Driver/Src/stm32l4xx_hal_cortex.o
 .debug_info    0x00006b98     0x1a51 ./Drivers/STM32L4xx_HAL_Driver/Src/stm32l4xx_hal_dfsdm.o
 .debug_info    0x000085e9      0x757 ./Drivers/STM32L4xx_HAL_Driver/Src/stm32l4xx_hal_gpio.o
 .debug_info    0x00008d40     0x20d2 ./Drivers/STM32L4xx_HAL_Driver/Src/stm32l4xx_hal_i2c.o
 .debug_info    0x0000ae12      0x975 ./Drivers/STM32L4xx_HAL_Driver/Src/stm32l4xx_hal_i2c_ex.o
 .debug_info    0x0000b787     0x14d6 ./Drivers/STM32L4xx_HAL_Driver/Src/stm32l4xx_hal_pcd.o
 .debug_info    0x0000cc5d      0x8a0 ./Drivers/STM32L4xx_HAL_Driver/Src/stm32l4xx_hal_pcd_ex.o
 .debug_info    0x0000d4fd      0x91e ./Drivers/STM32L4xx_HAL_Driver/Src/stm32l4xx_hal_pwr.o
 .debug_info    0x0000de1b      0x97a ./Drivers/STM32L4xx_HAL_Driver/Src/stm32l4xx_hal_pwr_ex.o
 .debug_info    0x0000e795     0x115d ./Drivers/STM32L4xx_HAL_Driver/Src/stm32l4xx_hal_qspi.o
 .debug_info    0x0000f8f2      0xc14 ./Drivers/STM32L4xx_HAL_Driver/Src/stm32l4xx_hal_rcc.o
 .debug_info    0x00010506      0xe11 ./Drivers/STM32L4xx_HAL_Driver/Src/stm32l4xx_hal_rcc_ex.o
 .debug_info    0x00011317     0x1549 ./Drivers/STM32L4xx_HAL_Driver/Src/stm32l4xx_hal_spi.o
 .debug_info    0x00012860     0x3b69 ./Drivers/STM32L4xx_HAL_Driver/Src/stm32l4xx_hal_uart.o
 .debug_info    0x000163c9     0x1994 ./Drivers/STM32L4xx_HAL_Driver/Src/stm32l4xx_ll_usb.o
 .debug_info    0x00017d5d     0x3a50 ./Middlewares/Third_Party/FreeRTOS/Source/CMSIS_RTOS_V2/cmsis_os2.o
 .debug_info    0x0001b7ad      0x2af ./Middlewares/Third_Party/FreeRTOS/Source/list.o
 .debug_info    0x0001ba5c     0x1b79 ./Middlewares/Third_Party/FreeRTOS/Source/queue.o
 .debug_info    0x0001d5d5     0x21ec ./Middlewares/Third_Party/FreeRTOS/Source/tasks.o
 .debug_info    0x0001f7c1     0x1488 ./Middlewares/Third_Party/FreeRTOS/Source/timers.o
 .debug_info    0x00020c49      0x4de ./Middlewares/Third_Party/FreeRTOS/Source/portable/GCC/ARM_CM4F/port.o
 .debug_info    0x00021127      0x4d5 ./Middlewares/Third_Party/FreeRTOS/Source/portable/MemMang/heap_4.o

.debug_abbrev   0x00000000     0x44ff
 .debug_abbrev  0x00000000      0x1bb ./Core/Src/hd44780.o
 .debug_abbrev  0x000001bb      0x354 ./Core/Src/main.o
 .debug_abbrev  0x0000050f      0x27c ./Core/Src/stm32l4xx_hal_msp.o
 .debug_abbrev  0x0000078b       0xc8 ./Core/Src/stm32l4xx_it.o
 .debug_abbrev  0x00000853      0x11a ./Core/Src/system_stm32l4xx.o
 .debug_abbrev  0x0000096d       0x24 ./Core/Startup/startup_stm32l475vgtx.o
 .debug_abbrev  0x00000991      0x242 ./Drivers/STM32L4xx_HAL_Driver/Src/stm32l4xx_hal.o
 .debug_abbrev  0x00000bd3      0x31c ./Drivers/STM32L4xx_HAL_Driver/Src/stm32l4xx_hal_cortex.o
 .debug_abbrev  0x00000eef      0x27e ./Drivers/STM32L4xx_HAL_Driver/Src/stm32l4xx_hal_dfsdm.o
 .debug_abbrev  0x0000116d      0x1cb ./Drivers/STM32L4xx_HAL_Driver/Src/stm32l4xx_hal_gpio.o
 .debug_abbrev  0x00001338      0x261 ./Drivers/STM32L4xx_HAL_Driver/Src/stm32l4xx_hal_i2c.o
 .debug_abbrev  0x00001599      0x1c3 ./Drivers/STM32L4xx_HAL_Driver/Src/stm32l4xx_hal_i2c_ex.o
 .debug_abbrev  0x0000175c      0x2da ./Drivers/STM32L4xx_HAL_Driver/Src/stm32l4xx_hal_pcd.o
 .debug_abbrev  0x00001a36      0x256 ./Drivers/STM32L4xx_HAL_Driver/Src/stm32l4xx_hal_pcd_ex.o
 .debug_abbrev  0x00001c8c      0x1d4 ./Drivers/STM32L4xx_HAL_Driver/Src/stm32l4xx_hal_pwr.o
 .debug_abbrev  0x00001e60      0x1f9 ./Drivers/STM32L4xx_HAL_Driver/Src/stm32l4xx_hal_pwr_ex.o
 .debug_abbrev  0x00002059      0x250 ./Drivers/STM32L4xx_HAL_Driver/Src/stm32l4xx_hal_qspi.o
 .debug_abbrev  0x000022a9      0x2cb ./Drivers/STM32L4xx_HAL_Driver/Src/stm32l4xx_hal_rcc.o
 .debug_abbrev  0x00002574      0x2a6 ./Drivers/STM32L4xx_HAL_Driver/Src/stm32l4xx_hal_rcc_ex.o
 .debug_abbrev  0x0000281a      0x260 ./Drivers/STM32L4xx_HAL_Driver/Src/stm32l4xx_hal_spi.o
 .debug_abbrev  0x00002a7a      0x2d0 ./Drivers/STM32L4xx_HAL_Driver/Src/stm32l4xx_hal_uart.o
 .debug_abbrev  0x00002d4a      0x2b1 ./Drivers/STM32L4xx_HAL_Driver/Src/stm32l4xx_ll_usb.o
 .debug_abbrev  0x00002ffb      0x508 ./Middlewares/Third_Party/FreeRTOS/Source/CMSIS_RTOS_V2/cmsis_os2.o
 .debug_abbrev  0x00003503       0xf5 ./Middlewares/Third_Party/FreeRTOS/Source/list.o
 .debug_abbrev  0x000035f8      0x3b6 ./Middlewares/Third_Party/FreeRTOS/Source/queue.o
 .debug_abbrev  0x000039ae      0x386 ./Middlewares/Third_Party/FreeRTOS/Source/tasks.o
 .debug_abbrev  0x00003d34      0x352 ./Middlewares/Third_Party/FreeRTOS/Source/timers.o
 .debug_abbrev  0x00004086      0x25c ./Middlewares/Third_Party/FreeRTOS/Source/portable/GCC/ARM_CM4F/port.o
 .debug_abbrev  0x000042e2      0x21d ./Middlewares/Third_Party/FreeRTOS/Source/portable/MemMang/heap_4.o

.debug_aranges  0x00000000     0x1df0
 .debug_aranges
                0x00000000       0x68 ./Core/Src/hd44780.o
 .debug_aranges
                0x00000068       0x98 ./Core/Src/main.o
 .debug_aranges
                0x00000100       0x80 ./Core/Src/stm32l4xx_hal_msp.o
 .debug_aranges
                0x00000180       0x60 ./Core/Src/stm32l4xx_it.o
 .debug_aranges
                0x000001e0       0x28 ./Core/Src/system_stm32l4xx.o
 .debug_aranges
                0x00000208       0x28 ./Core/Startup/startup_stm32l475vgtx.o
 .debug_aranges
                0x00000230      0x130 ./Drivers/STM32L4xx_HAL_Driver/Src/stm32l4xx_hal.o
 .debug_aranges
                0x00000360      0x128 ./Drivers/STM32L4xx_HAL_Driver/Src/stm32l4xx_hal_cortex.o
 .debug_aranges
                0x00000488      0x248 ./Drivers/STM32L4xx_HAL_Driver/Src/stm32l4xx_hal_dfsdm.o
 .debug_aranges
                0x000006d0       0x58 ./Drivers/STM32L4xx_HAL_Driver/Src/stm32l4xx_hal_gpio.o
 .debug_aranges
                0x00000728      0x2a0 ./Drivers/STM32L4xx_HAL_Driver/Src/stm32l4xx_hal_i2c.o
 .debug_aranges
                0x000009c8       0x48 ./Drivers/STM32L4xx_HAL_Driver/Src/stm32l4xx_hal_i2c_ex.o
 .debug_aranges
                0x00000a10      0x138 ./Drivers/STM32L4xx_HAL_Driver/Src/stm32l4xx_hal_pcd.o
 .debug_aranges
                0x00000b48       0x60 ./Drivers/STM32L4xx_HAL_Driver/Src/stm32l4xx_hal_pcd_ex.o
 .debug_aranges
                0x00000ba8       0x98 ./Drivers/STM32L4xx_HAL_Driver/Src/stm32l4xx_hal_pwr.o
 .debug_aranges
                0x00000c40      0x150 ./Drivers/STM32L4xx_HAL_Driver/Src/stm32l4xx_hal_pwr_ex.o
 .debug_aranges
                0x00000d90      0x160 ./Drivers/STM32L4xx_HAL_Driver/Src/stm32l4xx_hal_qspi.o
 .debug_aranges
                0x00000ef0       0x90 ./Drivers/STM32L4xx_HAL_Driver/Src/stm32l4xx_hal_rcc.o
 .debug_aranges
                0x00000f80       0xc0 ./Drivers/STM32L4xx_HAL_Driver/Src/stm32l4xx_hal_rcc_ex.o
 .debug_aranges
                0x00001040      0x1d8 ./Drivers/STM32L4xx_HAL_Driver/Src/stm32l4xx_hal_spi.o
 .debug_aranges
                0x00001218      0x228 ./Drivers/STM32L4xx_HAL_Driver/Src/stm32l4xx_hal_uart.o
 .debug_aranges
                0x00001440      0x1a0 ./Drivers/STM32L4xx_HAL_Driver/Src/stm32l4xx_ll_usb.o
 .debug_aranges
                0x000015e0      0x2a8 ./Middlewares/Third_Party/FreeRTOS/Source/CMSIS_RTOS_V2/cmsis_os2.o
 .debug_aranges
                0x00001888       0x40 ./Middlewares/Third_Party/FreeRTOS/Source/list.o
 .debug_aranges
                0x000018c8      0x158 ./Middlewares/Third_Party/FreeRTOS/Source/queue.o
 .debug_aranges
                0x00001a20      0x208 ./Middlewares/Third_Party/FreeRTOS/Source/tasks.o
 .debug_aranges
                0x00001c28       0xf0 ./Middlewares/Third_Party/FreeRTOS/Source/timers.o
 .debug_aranges
                0x00001d18       0x80 ./Middlewares/Third_Party/FreeRTOS/Source/portable/GCC/ARM_CM4F/port.o
 .debug_aranges
                0x00001d98       0x58 ./Middlewares/Third_Party/FreeRTOS/Source/portable/MemMang/heap_4.o

.debug_rnglists
                0x00000000     0x1733
 .debug_rnglists
                0x00000000       0x4e ./Core/Src/hd44780.o
 .debug_rnglists
                0x0000004e       0x70 ./Core/Src/main.o
 .debug_rnglists
                0x000000be       0x61 ./Core/Src/stm32l4xx_hal_msp.o
 .debug_rnglists
                0x0000011f       0x43 ./Core/Src/stm32l4xx_it.o
 .debug_rnglists
                0x00000162       0x1a ./Core/Src/system_stm32l4xx.o
 .debug_rnglists
                0x0000017c       0x19 ./Core/Startup/startup_stm32l475vgtx.o
 .debug_rnglists
                0x00000195       0xdf ./Drivers/STM32L4xx_HAL_Driver/Src/stm32l4xx_hal.o
 .debug_rnglists
                0x00000274       0xda ./Drivers/STM32L4xx_HAL_Driver/Src/stm32l4xx_hal_cortex.o
 .debug_rnglists
                0x0000034e      0x1c7 ./Drivers/STM32L4xx_HAL_Driver/Src/stm32l4xx_hal_dfsdm.o
 .debug_rnglists
                0x00000515       0x3f ./Drivers/STM32L4xx_HAL_Driver/Src/stm32l4xx_hal_gpio.o
 .debug_rnglists
                0x00000554      0x228 ./Drivers/STM32L4xx_HAL_Driver/Src/stm32l4xx_hal_i2c.o
 .debug_rnglists
                0x0000077c       0x35 ./Drivers/STM32L4xx_HAL_Driver/Src/stm32l4xx_hal_i2c_ex.o
 .debug_rnglists
                0x000007b1       0xed ./Drivers/STM32L4xx_HAL_Driver/Src/stm32l4xx_hal_pcd.o
 .debug_rnglists
                0x0000089e       0x45 ./Drivers/STM32L4xx_HAL_Driver/Src/stm32l4xx_hal_pcd_ex.o
 .debug_rnglists
                0x000008e3       0x6e ./Drivers/STM32L4xx_HAL_Driver/Src/stm32l4xx_hal_pwr.o
 .debug_rnglists
                0x00000951       0xfd ./Drivers/STM32L4xx_HAL_Driver/Src/stm32l4xx_hal_pwr_ex.o
 .debug_rnglists
                0x00000a4e      0x113 ./Drivers/STM32L4xx_HAL_Driver/Src/stm32l4xx_hal_qspi.o
 .debug_rnglists
                0x00000b61       0x6d ./Drivers/STM32L4xx_HAL_Driver/Src/stm32l4xx_hal_rcc.o
 .debug_rnglists
                0x00000bce       0x95 ./Drivers/STM32L4xx_HAL_Driver/Src/stm32l4xx_hal_rcc_ex.o
 .debug_rnglists
                0x00000c63      0x178 ./Drivers/STM32L4xx_HAL_Driver/Src/stm32l4xx_hal_spi.o
 .debug_rnglists
                0x00000ddb      0x1db ./Drivers/STM32L4xx_HAL_Driver/Src/stm32l4xx_hal_uart.o
 .debug_rnglists
                0x00000fb6      0x146 ./Drivers/STM32L4xx_HAL_Driver/Src/stm32l4xx_ll_usb.o
 .debug_rnglists
                0x000010fc      0x20c ./Middlewares/Third_Party/FreeRTOS/Source/CMSIS_RTOS_V2/cmsis_os2.o
 .debug_rnglists
                0x00001308       0x2b ./Middlewares/Third_Party/FreeRTOS/Source/list.o
 .debug_rnglists
                0x00001333      0x109 ./Middlewares/Third_Party/FreeRTOS/Source/queue.o
 .debug_rnglists
                0x0000143c      0x1a0 ./Middlewares/Third_Party/FreeRTOS/Source/tasks.o
 .debug_rnglists
                0x000015dc       0xb8 ./Middlewares/Third_Party/FreeRTOS/Source/timers.o
 .debug_rnglists
                0x00001694       0x5d ./Middlewares/Third_Party/FreeRTOS/Source/portable/GCC/ARM_CM4F/port.o
 .debug_rnglists
                0x000016f1       0x42 ./Middlewares/Third_Party/FreeRTOS/Source/portable/MemMang/heap_4.o

.debug_macro    0x00000000     0x4708
 .debug_macro   0x00000000      0x2fd ./Core/Src/hd44780.o
 .debug_macro   0x000002fd      0x169 ./Core/Src/hd44780.o
 .debug_macro   0x00000466       0x66 ./Core/Src/hd44780.o
 .debug_macro   0x000004cc       0x74 ./Core/Src/hd44780.o
 .debug_macro   0x00000540       0xdd ./Core/Src/hd44780.o
 .debug_macro   0x0000061d      0x2bb ./Core/Src/main.o
 .debug_macro   0x000008d8      0x221 ./Core/Src/stm32l4xx_hal_msp.o
 .debug_macro   0x00000af9      0x293 ./Core/Src/stm32l4xx_it.o
 .debug_macro   0x00000d8c      0x212 ./Core/Src/system_stm32l4xx.o
 .debug_macro   0x00000f9e      0x260 ./Drivers/STM32L4xx_HAL_Driver/Src/stm32l4xx_hal.o
 .debug_macro   0x000011fe      0x212 ./Drivers/STM32L4xx_HAL_Driver/Src/stm32l4xx_hal_cortex.o
 .debug_macro   0x00001410      0x236 ./Drivers/STM32L4xx_HAL_Driver/Src/stm32l4xx_hal_dfsdm.o
 .debug_macro   0x00001646      0x219 ./Drivers/STM32L4xx_HAL_Driver/Src/stm32l4xx_hal_gpio.o
 .debug_macro   0x0000185f      0x2de ./Drivers/STM32L4xx_HAL_Driver/Src/stm32l4xx_hal_i2c.o
 .debug_macro   0x00001b3d      0x212 ./Drivers/STM32L4xx_HAL_Driver/Src/stm32l4xx_hal_i2c_ex.o
 .debug_macro   0x00001d4f      0x21e ./Drivers/STM32L4xx_HAL_Driver/Src/stm32l4xx_hal_pcd.o
 .debug_macro   0x00001f6d      0x212 ./Drivers/STM32L4xx_HAL_Driver/Src/stm32l4xx_hal_pcd_ex.o
 .debug_macro   0x0000217f      0x22a ./Drivers/STM32L4xx_HAL_Driver/Src/stm32l4xx_hal_pwr.o
 .debug_macro   0x000023a9      0x236 ./Drivers/STM32L4xx_HAL_Driver/Src/stm32l4xx_hal_pwr_ex.o
 .debug_macro   0x000025df      0x236 ./Drivers/STM32L4xx_HAL_Driver/Src/stm32l4xx_hal_qspi.o
 .debug_macro   0x00002815      0x254 ./Drivers/STM32L4xx_HAL_Driver/Src/stm32l4xx_hal_rcc.o
 .debug_macro   0x00002a69      0x248 ./Drivers/STM32L4xx_HAL_Driver/Src/stm32l4xx_hal_rcc_ex.o
 .debug_macro   0x00002cb1      0x21a ./Drivers/STM32L4xx_HAL_Driver/Src/stm32l4xx_hal_spi.o
 .debug_macro   0x00002ecb      0x23d ./Drivers/STM32L4xx_HAL_Driver/Src/stm32l4xx_hal_uart.o
 .debug_macro   0x00003108      0x212 ./Drivers/STM32L4xx_HAL_Driver/Src/stm32l4xx_ll_usb.o
 .debug_macro   0x0000331a      0x409 ./Middlewares/Third_Party/FreeRTOS/Source/CMSIS_RTOS_V2/cmsis_os2.o
 .debug_macro   0x00003723       0x10 ./Middlewares/Third_Party/FreeRTOS/Source/CMSIS_RTOS_V2/cmsis_os2.o
 .debug_macro   0x00003733       0x20 ./Middlewares/Third_Party/FreeRTOS/Source/CMSIS_RTOS_V2/cmsis_os2.o
 .debug_macro   0x00003753       0x10 ./Middlewares/Third_Party/FreeRTOS/Source/CMSIS_RTOS_V2/cmsis_os2.o
 .debug_macro   0x00003763       0xf5 ./Middlewares/Third_Party/FreeRTOS/Source/CMSIS_RTOS_V2/cmsis_os2.o
 .debug_macro   0x00003858       0x91 ./Middlewares/Third_Party/FreeRTOS/Source/CMSIS_RTOS_V2/cmsis_os2.o
 .debug_macro   0x000038e9       0x8d ./Middlewares/Third_Party/FreeRTOS/Source/CMSIS_RTOS_V2/cmsis_os2.o
 .debug_macro   0x00003976       0x9a ./Middlewares/Third_Party/FreeRTOS/Source/CMSIS_RTOS_V2/cmsis_os2.o
 .debug_macro   0x00003a10       0x22 ./Middlewares/Third_Party/FreeRTOS/Source/CMSIS_RTOS_V2/cmsis_os2.o
 .debug_macro   0x00003a32       0x56 ./Middlewares/Third_Party/FreeRTOS/Source/CMSIS_RTOS_V2/cmsis_os2.o
 .debug_macro   0x00003a88      0x187 ./Middlewares/Third_Party/FreeRTOS/Source/list.o
 .debug_macro   0x00003c0f      0x216 ./Middlewares/Third_Party/FreeRTOS/Source/queue.o
 .debug_macro   0x00003e25       0x16 ./Middlewares/Third_Party/FreeRTOS/Source/queue.o
 .debug_macro   0x00003e3b       0x87 ./Middlewares/Third_Party/FreeRTOS/Source/queue.o
 .debug_macro   0x00003ec2      0x27f ./Middlewares/Third_Party/FreeRTOS/Source/tasks.o
 .debug_macro   0x00004141       0x10 ./Middlewares/Third_Party/FreeRTOS/Source/tasks.o
 .debug_macro   0x00004151      0x1dc ./Middlewares/Third_Party/FreeRTOS/Source/timers.o
 .debug_macro   0x0000432d       0x97 ./Middlewares/Third_Party/FreeRTOS/Source/timers.o
 .debug_macro   0x000043c4      0x196 ./Middlewares/Third_Party/FreeRTOS/Source/portable/GCC/ARM_CM4F/port.o
 .debug_macro   0x0000455a      0x1ae ./Middlewares/Third_Party/FreeRTOS/Source/portable/MemMang/heap_4.o

.debug_line     0x00000000    0x218ef
 .debug_line    0x00000000      0xbae ./Core/Src/hd44780.o
 .debug_line    0x00000bae      0xdbf ./Core/Src/main.o
 .debug_line    0x0000196d      0xaa6 ./Core/Src/stm32l4xx_hal_msp.o
 .debug_line    0x00002413      0x9c0 ./Core/Src/stm32l4xx_it.o
 .debug_line    0x00002dd3      0x88e ./Core/Src/system_stm32l4xx.o
 .debug_line    0x00003661       0x7a ./Core/Startup/startup_stm32l475vgtx.o
 .debug_line    0x000036db      0xbf6 ./Drivers/STM32L4xx_HAL_Driver/Src/stm32l4xx_hal.o
 .debug_line    0x000042d1      0xd91 ./Drivers/STM32L4xx_HAL_Driver/Src/stm32l4xx_hal_cortex.o
 .debug_line    0x00005062     0x1f1f ./Drivers/STM32L4xx_HAL_Driver/Src/stm32l4xx_hal_dfsdm.o
 .debug_line    0x00006f81      0xc4a ./Drivers/STM32L4xx_HAL_Driver/Src/stm32l4xx_hal_gpio.o
 .debug_line    0x00007bcb     0x37f7 ./Drivers/STM32L4xx_HAL_Driver/Src/stm32l4xx_hal_i2c.o
 .debug_line    0x0000b3c2      0x956 ./Drivers/STM32L4xx_HAL_Driver/Src/stm32l4xx_hal_i2c_ex.o
 .debug_line    0x0000bd18     0x13cc ./Drivers/STM32L4xx_HAL_Driver/Src/stm32l4xx_hal_pcd.o
 .debug_line    0x0000d0e4      0x9f6 ./Drivers/STM32L4xx_HAL_Driver/Src/stm32l4xx_hal_pcd_ex.o
 .debug_line    0x0000dada      0x9c1 ./Drivers/STM32L4xx_HAL_Driver/Src/stm32l4xx_hal_pwr.o
 .debug_line    0x0000e49b      0xda8 ./Drivers/STM32L4xx_HAL_Driver/Src/stm32l4xx_hal_pwr_ex.o
 .debug_line    0x0000f243     0x14ea ./Drivers/STM32L4xx_HAL_Driver/Src/stm32l4xx_hal_qspi.o
 .debug_line    0x0001072d     0x114b ./Drivers/STM32L4xx_HAL_Driver/Src/stm32l4xx_hal_rcc.o
 .debug_line    0x00011878     0x1618 ./Drivers/STM32L4xx_HAL_Driver/Src/stm32l4xx_hal_rcc_ex.o
 .debug_line    0x00012e90     0x20d6 ./Drivers/STM32L4xx_HAL_Driver/Src/stm32l4xx_hal_spi.o
 .debug_line    0x00014f66     0x2e19 ./Drivers/STM32L4xx_HAL_Driver/Src/stm32l4xx_hal_uart.o
 .debug_line    0x00017d7f     0x1b49 ./Drivers/STM32L4xx_HAL_Driver/Src/stm32l4xx_ll_usb.o
 .debug_line    0x000198c8     0x259e ./Middlewares/Third_Party/FreeRTOS/Source/CMSIS_RTOS_V2/cmsis_os2.o
 .debug_line    0x0001be66      0x78c ./Middlewares/Third_Party/FreeRTOS/Source/list.o
 .debug_line    0x0001c5f2     0x16fd ./Middlewares/Third_Party/FreeRTOS/Source/queue.o
 .debug_line    0x0001dcef     0x1c80 ./Middlewares/Third_Party/FreeRTOS/Source/tasks.o
 .debug_line    0x0001f96f      0xdcc ./Middlewares/Third_Party/FreeRTOS/Source/timers.o
 .debug_line    0x0002073b      0x811 ./Middlewares/Third_Party/FreeRTOS/Source/portable/GCC/ARM_CM4F/port.o
 .debug_line    0x00020f4c      0x9a3 ./Middlewares/Third_Party/FreeRTOS/Source/portable/MemMang/heap_4.o

.debug_str      0x00000000    0xfd9a6
 .debug_str     0x00000000    0xfd9a6 ./Core/Src/hd44780.o
                              0xed70c (size before relaxing)
 .debug_str     0x000fd9a6    0xef55e ./Core/Src/main.o
 .debug_str     0x000fd9a6    0xea584 ./Core/Src/stm32l4xx_hal_msp.o
 .debug_str     0x000fd9a6    0xec961 ./Core/Src/stm32l4xx_it.o
 .debug_str     0x000fd9a6    0xe795a ./Core/Src/system_stm32l4xx.o
 .debug_str     0x000fd9a6       0x80 ./Core/Startup/startup_stm32l475vgtx.o
 .debug_str     0x000fd9a6    0xe84e4 ./Drivers/STM32L4xx_HAL_Driver/Src/stm32l4xx_hal.o
 .debug_str     0x000fd9a6    0xe81ca ./Drivers/STM32L4xx_HAL_Driver/Src/stm32l4xx_hal_cortex.o
 .debug_str     0x000fd9a6    0xe8866 ./Drivers/STM32L4xx_HAL_Driver/Src/stm32l4xx_hal_dfsdm.o
 .debug_str     0x000fd9a6    0xe7ad3 ./Drivers/STM32L4xx_HAL_Driver/Src/stm32l4xx_hal_gpio.o
 .debug_str     0x000fd9a6    0xe8b5b ./Drivers/STM32L4xx_HAL_Driver/Src/stm32l4xx_hal_i2c.o
 .debug_str     0x000fd9a6    0xe7e67 ./Drivers/STM32L4xx_HAL_Driver/Src/stm32l4xx_hal_i2c_ex.o
 .debug_str     0x000fd9a6    0xe83db ./Drivers/STM32L4xx_HAL_Driver/Src/stm32l4xx_hal_pcd.o
 .debug_str     0x000fd9a6    0xe7da9 ./Drivers/STM32L4xx_HAL_Driver/Src/stm32l4xx_hal_pcd_ex.o
 .debug_str     0x000fd9a6    0xe7cc5 ./Drivers/STM32L4xx_HAL_Driver/Src/stm32l4xx_hal_pwr.o
 .debug_str     0x000fd9a6    0xe7e7a ./Drivers/STM32L4xx_HAL_Driver/Src/stm32l4xx_hal_pwr_ex.o
 .debug_str     0x000fd9a6    0xe8295 ./Drivers/STM32L4xx_HAL_Driver/Src/stm32l4xx_hal_qspi.o
 .debug_str     0x000fd9a6    0xe7fa0 ./Drivers/STM32L4xx_HAL_Driver/Src/stm32l4xx_hal_rcc.o
 .debug_str     0x000fd9a6    0xe8119 ./Drivers/STM32L4xx_HAL_Driver/Src/stm32l4xx_hal_rcc_ex.o
 .debug_str     0x000fd9a6    0xe8175 ./Drivers/STM32L4xx_HAL_Driver/Src/stm32l4xx_hal_spi.o
 .debug_str     0x000fd9a6    0xe86b2 ./Drivers/STM32L4xx_HAL_Driver/Src/stm32l4xx_hal_uart.o
 .debug_str     0x000fd9a6    0xe82b3 ./Drivers/STM32L4xx_HAL_Driver/Src/stm32l4xx_ll_usb.o
 .debug_str     0x000fd9a6    0xf258a ./Middlewares/Third_Party/FreeRTOS/Source/CMSIS_RTOS_V2/cmsis_os2.o
 .debug_str     0x000fd9a6     0xac11 ./Middlewares/Third_Party/FreeRTOS/Source/list.o
 .debug_str     0x000fd9a6     0xc751 ./Middlewares/Third_Party/FreeRTOS/Source/queue.o
 .debug_str     0x000fd9a6     0xd20e ./Middlewares/Third_Party/FreeRTOS/Source/tasks.o
 .debug_str     0x000fd9a6     0xcc83 ./Middlewares/Third_Party/FreeRTOS/Source/timers.o
 .debug_str     0x000fd9a6     0x87b7 ./Middlewares/Third_Party/FreeRTOS/Source/portable/GCC/ARM_CM4F/port.o
 .debug_str     0x000fd9a6     0xb553 ./Middlewares/Third_Party/FreeRTOS/Source/portable/MemMang/heap_4.o

.comment        0x00000000       0x43
 .comment       0x00000000       0x43 ./Core/Src/hd44780.o
                                 0x44 (size before relaxing)
 .comment       0x00000043       0x44 ./Core/Src/main.o
 .comment       0x00000043       0x44 ./Core/Src/stm32l4xx_hal_msp.o
 .comment       0x00000043       0x44 ./Core/Src/stm32l4xx_it.o
 .comment       0x00000043       0x44 ./Core/Src/system_stm32l4xx.o
 .comment       0x00000043       0x44 ./Drivers/STM32L4xx_HAL_Driver/Src/stm32l4xx_hal.o
 .comment       0x00000043       0x44 ./Drivers/STM32L4xx_HAL_Driver/Src/stm32l4xx_hal_cortex.o
 .comment       0x00000043       0x44 ./Drivers/STM32L4xx_HAL_Driver/Src/stm32l4xx_hal_dfsdm.o
 .comment       0x00000043       0x44 ./Drivers/STM32L4xx_HAL_Driver/Src/stm32l4xx_hal_gpio.o
 .comment       0x00000043       0x44 ./Drivers/STM32L4xx_HAL_Driver/Src/stm32l4xx_hal_i2c.o
 .comment       0x00000043       0x44 ./Drivers/STM32L4xx_HAL_Driver/Src/stm32l4xx_hal_i2c_ex.o
 .comment       0x00000043       0x44 ./Drivers/STM32L4xx_HAL_Driver/Src/stm32l4xx_hal_pcd.o
 .comment       0x00000043       0x44 ./Drivers/STM32L4xx_HAL_Driver/Src/stm32l4xx_hal_pcd_ex.o
 .comment       0x00000043       0x44 ./Drivers/STM32L4xx_HAL_Driver/Src/stm32l4xx_hal_pwr.o
 .comment       0x00000043       0x44 ./Drivers/STM32L4xx_HAL_Driver/Src/stm32l4xx_hal_pwr_ex.o
 .comment       0x00000043       0x44 ./Drivers/STM32L4xx_HAL_Driver/Src/stm32l4xx_hal_qspi.o
 .comment       0x00000043       0x44 ./Drivers/STM32L4xx_HAL_Driver/Src/stm32l4xx_hal_rcc.o
 .comment       0x00000043       0x44 ./Drivers/STM32L4xx_HAL_Driver/Src/stm32l4xx_hal_rcc_ex.o
 .comment       0x00000043       0x44 ./Drivers/STM32L4xx_HAL_Driver/Src/stm32l4xx_hal_spi.o
 .comment       0x00000043       0x44 ./Drivers/STM32L4xx_HAL_Driver/Src/stm32l4xx_hal_uart.o
 .comment       0x00000043       0x44 ./Drivers/STM32L4xx_HAL_Driver/Src/stm32l4xx_ll_usb.o
 .comment       0x00000043       0x44 ./Middlewares/Third_Party/FreeRTOS/Source/CMSIS_RTOS_V2/cmsis_os2.o
 .comment       0x00000043       0x44 ./Middlewares/Third_Party/FreeRTOS/Source/list.o
 .comment       0x00000043       0x44 ./Middlewares/Third_Party/FreeRTOS/Source/queue.o
 .comment       0x00000043       0x44 ./Middlewares/Third_Party/FreeRTOS/Source/tasks.o
 .comment       0x00000043       0x44 ./Middlewares/Third_Party/FreeRTOS/Source/timers.o
 .comment       0x00000043       0x44 ./Middlewares/Third_Party/FreeRTOS/Source/portable/GCC/ARM_CM4F/port.o
 .comment       0x00000043       0x44 ./Middlewares/Third_Party/FreeRTOS/Source/portable/MemMang/heap_4.o

.debug_frame    0x00000000     0x8008
 .debug_frame   0x00000000      0x160 ./Core/Src/hd44780.o
 .debug_frame   0x00000160      0x1f4 ./Core/Src/main.o
 .debug_frame   0x00000354      0x1f4 ./Core/Src/stm32l4xx_hal_msp.o
 .debug_frame   0x00000548       0xfc ./Core/Src/stm32l4xx_it.o
 .debug_frame   0x00000644       0x58 ./Core/Src/system_stm32l4xx.o
 .debug_frame   0x0000069c      0x498 ./Drivers/STM32L4xx_HAL_Driver/Src/stm32l4xx_hal.o
 .debug_frame   0x00000b34      0x4e8 ./Drivers/STM32L4xx_HAL_Driver/Src/stm32l4xx_hal_cortex.o
 .debug_frame   0x0000101c      0xa78 ./Drivers/STM32L4xx_HAL_Driver/Src/stm32l4xx_hal_dfsdm.o
 .debug_frame   0x00001a94      0x14c ./Drivers/STM32L4xx_HAL_Driver/Src/stm32l4xx_hal_gpio.o
 .debug_frame   0x00001be0      0xc38 ./Drivers/STM32L4xx_HAL_Driver/Src/stm32l4xx_hal_i2c.o
 .debug_frame   0x00002818      0x100 ./Drivers/STM32L4xx_HAL_Driver/Src/stm32l4xx_hal_i2c_ex.o
 .debug_frame   0x00002918      0x564 ./Drivers/STM32L4xx_HAL_Driver/Src/stm32l4xx_hal_pcd.o